Component: ARM Compiler 6.15 Tool: armlink [5dd79300]

==============================================================================

Section Cross References

    main.o(.text.SysTick_Handler) refers to main.o(.bss.cnt) for cnt
    main.o(.ARM.exidx.text.SysTick_Handler) refers to main.o(.text.SysTick_Handler) for [Anonymous Symbol]
    main.o(.text.delay_ms) refers to main.o(.bss.cnt) for cnt
    main.o(.ARM.exidx.text.delay_ms) refers to main.o(.text.delay_ms) for [Anonymous Symbol]
    main.o(.ARM.exidx.text.XGpio_In32) refers to main.o(.text.XGpio_In32) for [Anonymous Symbol]
    main.o(.ARM.exidx.text.Xil_Out32) refers to main.o(.text.Xil_Out32) for [Anonymous Symbol]
    main.o(.text.XGpio_DiscreteRead) refers to main.o(.text.XGpio_In32) for XGpio_In32
    main.o(.ARM.exidx.text.XGpio_DiscreteRead) refers to main.o(.text.XGpio_DiscreteRead) for [Anonymous Symbol]
    main.o(.text.XGpio_DiscreteWrite) refers to main.o(.text.Xil_Out32) for Xil_Out32
    main.o(.ARM.exidx.text.XGpio_DiscreteWrite) refers to main.o(.text.XGpio_DiscreteWrite) for [Anonymous Symbol]
    main.o(.text.XUartLite_SendByte) refers to main.o(.text.XGpio_In32) for XGpio_In32
    main.o(.text.XUartLite_SendByte) refers to main.o(.text.Xil_Out32) for Xil_Out32
    main.o(.ARM.exidx.text.XUartLite_SendByte) refers to main.o(.text.XUartLite_SendByte) for [Anonymous Symbol]
    main.o(.text.cm3_print) refers to main.o(.text.XUartLite_SendByte) for XUartLite_SendByte
    main.o(.ARM.exidx.text.cm3_print) refers to main.o(.text.cm3_print) for [Anonymous Symbol]
    main.o(.text.MyUartPrintf) refers to vsnprintf.o(.text) for vsnprintf
    main.o(.text.MyUartPrintf) refers to main.o(.text.XUartLite_SendByte) for XUartLite_SendByte
    main.o(.ARM.exidx.text.MyUartPrintf) refers to main.o(.text.MyUartPrintf) for [Anonymous Symbol]
    main.o(.text.led_blink) refers to main.o(.text.XGpio_DiscreteWrite) for XGpio_DiscreteWrite
    main.o(.text.led_blink) refers to main.o(.text.delay_ms) for delay_ms
    main.o(.ARM.exidx.text.led_blink) refers to main.o(.text.led_blink) for [Anonymous Symbol]
    main.o(.text.main) refers to system_ds_cm3.o(.text.SystemCoreClockUpdate) for SystemCoreClockUpdate
    main.o(.text.main) refers to system_ds_cm3.o(.data.SystemCoreClock) for SystemCoreClock
    main.o(.text.main) refers to main.o(.text.SysTick_Config) for SysTick_Config
    main.o(.text.main) refers to main.o(.rodata.str1.1) for .L.str
    main.o(.text.main) refers to main.o(.text.cm3_print) for cm3_print
    main.o(.text.main) refers to main.o(.text.MyUartPrintf) for MyUartPrintf
    main.o(.text.main) refers to main.o(.text.led_blink) for led_blink
    main.o(.text.main) refers to main.o(.text.XGpio_DiscreteRead) for XGpio_DiscreteRead
    main.o(.ARM.exidx.text.main) refers to main.o(.text.main) for [Anonymous Symbol]
    main.o(.text.SysTick_Config) refers to main.o(.text.__NVIC_SetPriority) for __NVIC_SetPriority
    main.o(.ARM.exidx.text.SysTick_Config) refers to main.o(.text.SysTick_Config) for [Anonymous Symbol]
    main.o(.ARM.exidx.text.__NVIC_SetPriority) refers to main.o(.text.__NVIC_SetPriority) for [Anonymous Symbol]
    startup_ds_cm3.o(STACK) refers (Special) to heapauxi.o(.text) for __use_two_region_memory
    startup_ds_cm3.o(HEAP) refers (Special) to heapauxi.o(.text) for __use_two_region_memory
    startup_ds_cm3.o(RESET) refers (Special) to heapauxi.o(.text) for __use_two_region_memory
    startup_ds_cm3.o(RESET) refers to startup_ds_cm3.o(STACK) for __initial_sp
    startup_ds_cm3.o(RESET) refers to startup_ds_cm3.o(.text) for Reset_Handler
    startup_ds_cm3.o(RESET) refers to main.o(.text.SysTick_Handler) for SysTick_Handler
    startup_ds_cm3.o(.text) refers (Special) to heapauxi.o(.text) for __use_two_region_memory
    startup_ds_cm3.o(.text) refers to system_ds_cm3.o(.text.SystemInit) for SystemInit
    startup_ds_cm3.o(.text) refers to __main.o(!!!main) for __main
    startup_ds_cm3.o(.text) refers to startup_ds_cm3.o(HEAP) for Heap_Mem
    startup_ds_cm3.o(.text) refers to startup_ds_cm3.o(STACK) for Stack_Mem
    system_ds_cm3.o(.text.SystemCoreClockUpdate) refers to system_ds_cm3.o(.data.SystemCoreClock) for SystemCoreClock
    system_ds_cm3.o(.ARM.exidx.text.SystemCoreClockUpdate) refers to system_ds_cm3.o(.text.SystemCoreClockUpdate) for [Anonymous Symbol]
    system_ds_cm3.o(.text.SystemInit) refers to system_ds_cm3.o(.data.SystemCoreClock) for SystemCoreClock
    system_ds_cm3.o(.ARM.exidx.text.SystemInit) refers to system_ds_cm3.o(.text.SystemInit) for [Anonymous Symbol]
    vsnprintf.o(.text) refers (Special) to _printf_a.o(.ARM.Collect$$_printf_percent$$00000006) for _printf_a
    vsnprintf.o(.text) refers (Special) to _printf_c.o(.ARM.Collect$$_printf_percent$$00000013) for _printf_c
    vsnprintf.o(.text) refers (Special) to _printf_charcount.o(.text) for _printf_charcount
    vsnprintf.o(.text) refers (Special) to _printf_d.o(.ARM.Collect$$_printf_percent$$00000009) for _printf_d
[...]
    libinit2.o(.ARM.Collect$$libinit$$00000016) refers (Weak) to lc_numeric_c.o(locale$$code) for _get_lc_numeric
    libinit2.o(.ARM.Collect$$libinit$$00000018) refers to libinit2.o(.ARM.Collect$$libinit$$0000000F) for .ARM.Collect$$libinit$$0000000F
    libinit2.o(.ARM.Collect$$libinit$$00000026) refers to argv_veneer.o(.emb_text) for __ARM_argv_veneer
    libinit2.o(.ARM.Collect$$libinit$$00000027) refers to argv_veneer.o(.emb_text) for __ARM_argv_veneer
    rtexit2.o(.ARM.Collect$$rtexit$$00000003) refers to libshutdown.o(.ARM.Collect$$libshutdown$$00000000) for __rt_lib_shutdown
    rtexit2.o(.ARM.Collect$$rtexit$$00000004) refers to sys_exit.o(.text) for _sys_exit
    rtexit2.o(.ARM.exidx) refers to rtexit2.o(.ARM.Collect$$rtexit$$00000001) for .ARM.Collect$$rtexit$$00000001
    rtexit2.o(.ARM.exidx) refers to rtexit2.o(.ARM.Collect$$rtexit$$00000003) for .ARM.Collect$$rtexit$$00000003
    rtexit2.o(.ARM.exidx) refers to rtexit2.o(.ARM.Collect$$rtexit$$00000004) for .ARM.Collect$$rtexit$$00000004
    argv_veneer.o(.emb_text) refers to no_argv.o(.text) for __ARM_get_argv
    sys_exit.o(.text) refers (Special) to use_no_semi.o(.text) for __I$use$semihosting
    sys_exit.o(.text) refers (Special) to indicate_semi.o(.text) for __semihosting_library_function
    sys_exit_hlt.o(.text) refers (Special) to use_no_semi.o(.text) for __I$use$semihosting
    sys_exit_hlt.o(.text) refers (Special) to indicate_semi.o(.text) for __semihosting_library_function
    _get_argv_nomalloc.o(.text) refers (Special) to hrguard.o(.text) for __heap_region$guard
    _get_argv_nomalloc.o(.text) refers to defsig_rtmem_outer.o(.text) for __rt_SIGRTMEM
    _get_argv_nomalloc.o(.text) refers to sys_command.o(.text) for _sys_command_string
    libshutdown.o(.ARM.Collect$$libshutdown$$00000000) refers (Special) to libshutdown2.o(.ARM.Collect$$libshutdown$$00000002) for __rt_lib_shutdown_cpp_1
    libshutdown.o(.ARM.Collect$$libshutdown$$00000000) refers (Special) to libshutdown2.o(.ARM.Collect$$libshutdown$$00000007) for __rt_lib_shutdown_fp_trap_1
    libshutdown.o(.ARM.Collect$$libshutdown$$00000000) refers (Special) to libshutdown2.o(.ARM.Collect$$libshutdown$$0000000F) for __rt_lib_shutdown_heap_1
    libshutdown.o(.ARM.Collect$$libshutdown$$00000000) refers (Special) to libshutdown2.o(.ARM.Collect$$libshutdown$$00000010) for __rt_lib_shutdown_return
    libshutdown.o(.ARM.Collect$$libshutdown$$00000000) refers (Special) to libshutdown2.o(.ARM.Collect$$libshutdown$$0000000A) for __rt_lib_shutdown_signal_1
    libshutdown.o(.ARM.Collect$$libshutdown$$00000000) refers (Special) to libshutdown2.o(.ARM.Collect$$libshutdown$$00000004) for __rt_lib_shutdown_stdio_1
    libshutdown.o(.ARM.Collect$$libshutdown$$00000000) refers (Special) to libshutdown2.o(.ARM.Collect$$libshutdown$$0000000C) for __rt_lib_shutdown_user_alloc_1
    sys_command.o(.text) refers (Special) to use_no_semi.o(.text) for __I$use$semihosting
    sys_command.o(.text) refers (Special) to indicate_semi.o(.text) for __semihosting_library_function
    sys_command_hlt.o(.text) refers (Special) to use_no_semi.o(.text) for __I$use$semihosting
    sys_command_hlt.o(.text) refers (Special) to indicate_semi.o(.text) for __semihosting_library_function
    defsig_rtmem_outer.o(.text) refers to defsig_rtmem_inner.o(.text) for __rt_SIGRTMEM_inner
    defsig_rtmem_outer.o(.text) refers to defsig_exit.o(.text) for __sig_exit
    defsig_rtmem_formal.o(.text) refers to rt_raise.o(.text) for __rt_raise
    rt_raise.o(.text) refers to __raise.o(.text) for __raise
    rt_raise.o(.text) refers to sys_exit.o(.text) for _sys_exit
    defsig_exit.o(.text) refers to sys_exit.o(.text) for _sys_exit
    defsig_rtmem_inner.o(.text) refers to defsig_general.o(.text) for __default_signal_display
    __raise.o(.text) refers to defsig.o(CL$$defsig) for __default_signal_handler
    defsig_general.o(.text) refers to sys_wrch.o(.text) for _ttywrch
    sys_wrch.o(.text) refers (Special) to use_no_semi.o(.text) for __I$use$semihosting
    sys_wrch.o(.text) refers (Special) to indicate_semi.o(.text) for __semihosting_library_function
    sys_wrch_hlt.o(.text) refers (Special) to use_no_semi.o(.text) for __I$use$semihosting
    sys_wrch_hlt.o(.text) refers (Special) to indicate_semi.o(.text) for __semihosting_library_function
    defsig.o(CL$$defsig) refers to defsig_rtmem_inner.o(.text) for __rt_SIGRTMEM_inner
    defsig_abrt_inner.o(.text) refers to defsig_general.o(.text) for __default_signal_display
    defsig_fpe_inner.o(.text) refers to defsig_general.o(.text) for __default_signal_display
    defsig_rtred_inner.o(.text) refers to defsig_general.o(.text) for __default_signal_display
    defsig_stak_inner.o(.text) refers to defsig_general.o(.text) for __default_signal_display
    defsig_pvfn_inner.o(.text) refers to defsig_general.o(.text) for __default_signal_display
    defsig_cppl_inner.o(.text) refers to defsig_general.o(.text) for __default_signal_display
    defsig_segv_inner.o(.text) refers to defsig_general.o(.text) for __default_signal_display
    defsig_other.o(.text) refers to defsig_general.o(.text) for __default_signal_display


==============================================================================

Removing Unused input sections from the image.

    Removing main.o(.text), (0 bytes).
    Removing main.o(.ARM.exidx.text.SysTick_Handler), (8 bytes).
    Removing main.o(.ARM.exidx.text.delay_ms), (8 bytes).
    Removing main.o(.ARM.exidx.text.XGpio_In32), (8 bytes).
    Removing main.o(.ARM.exidx.text.Xil_Out32), (8 bytes).
    Removing main.o(.ARM.exidx.text.XGpio_DiscreteRead), (8 bytes).
    Removing main.o(.ARM.exidx.text.XGpio_DiscreteWrite), (8 bytes).
    Removing main.o(.ARM.exidx.text.XUartLite_SendByte), (8 bytes).
    Removing main.o(.ARM.exidx.text.cm3_print), (8 bytes).
    Removing main.o(.ARM.exidx.text.MyUartPrintf), (8 bytes).
    Removing main.o(.ARM.exidx.text.led_blink), (8 bytes).
    Removing main.o(.ARM.exidx.text.main), (8 bytes).
    Removing main.o(.ARM.exidx.text.SysTick_Config), (8 bytes).
    Removing main.o(.ARM.exidx.text.__NVIC_SetPriority), (8 bytes).
    Removing main.o(.ARM.use_no_argv), (4 bytes).
    Removing system_ds_cm3.o(.text), (0 bytes).
    Removing system_ds_cm3.o(.ARM.exidx.text.SystemCoreClockUpdate), (8 bytes).
    Removing system_ds_cm3.o(.ARM.exidx.text.SystemInit), (8 bytes).

18 unused section(s) (total 124 bytes) removed from the image.

==============================================================================

Image Symbol Table

    Local Symbols

    Symbol Name                              Value     Ov Type        Size  Object(Section)

    ../clib/angel/boardlib.s                 0x00000000   Number         0  boardinit1.o ABSOLUTE
    ../clib/angel/boardlib.s                 0x00000000   Number         0  boardinit2.o ABSOLUTE
    ../clib/angel/boardlib.s                 0x00000000   Number         0  boardinit3.o ABSOLUTE
    ../clib/angel/boardlib.s                 0x00000000   Number         0  boardshut.o ABSOLUTE
    ../clib/angel/handlers.s                 0x00000000   Number         0  __scatter_copy.o ABSOLUTE
    ../clib/angel/handlers.s                 0x00000000   Number         0  __scatter_zi.o ABSOLUTE
    ../clib/angel/kernel.s                   0x00000000   Number         0  __rtentry.o ABSOLUTE
    ../clib/angel/kernel.s                   0x00000000   Number         0  __rtentry2.o ABSOLUTE
    ../clib/angel/kernel.s                   0x00000000   Number         0  __rtentry4.o ABSOLUTE
    ../clib/angel/kernel.s                   0x00000000   Number         0  rtexit.o ABSOLUTE
    ../clib/angel/kernel.s                   0x00000000   Number         0  rtexit2.o ABSOLUTE
    ../clib/angel/rt.s                       0x00000000   Number         0  rt_ctype_table.o ABSOLUTE
    ../clib/angel/rt.s                       0x00000000   Number         0  rt_locale.o ABSOLUTE
    ../clib/angel/rt.s                       0x00000000   Number         0  rt_locale_intlibspace.o ABSOLUTE
    ../clib/angel/rt.s                       0x00000000   Number         0  rt_raise.o ABSOLUTE
    ../clib/angel/scatter.s                  0x00000000   Number         0  __scatter.o ABSOLUTE
    ../clib/angel/startup.s                  0x00000000   Number         0  __main.o ABSOLUTE
    ../clib/angel/sys.s                      0x00000000   Number         0  sys_stackheap_outer.o ABSOLUTE
    ../clib/angel/sys.s                      0x00000000   Number         0  libspace.o ABSOLUTE
    ../clib/angel/sys.s                      0x00000000   Number         0  use_no_semi.o ABSOLUTE
    ../clib/angel/sys.s                      0x00000000   Number         0  indicate_semi.o ABSOLUTE
    ../clib/angel/sysapp.c                   0x00000000   Number         0  sys_exit.o ABSOLUTE
    ../clib/angel/sysapp.c                   0x00000000   Number         0  sys_exit_hlt.o ABSOLUTE
    ../clib/angel/sysapp.c                   0x00000000   Number         0  sys_command.o ABSOLUTE
    ../clib/angel/sysapp.c                   0x00000000   Number         0  sys_command_hlt.o ABSOLUTE
    ../clib/angel/sysapp.c                   0x00000000   Number         0  sys_wrch.o ABSOLUTE
    ../clib/angel/sysapp.c                   0x00000000   Number         0  sys_wrch_hlt.o ABSOLUTE
    ../clib/armsys.c                         0x00000000   Number         0  argv_veneer.o ABSOLUTE
    ../clib/armsys.c                         0x00000000   Number         0  argv_veneer.o ABSOLUTE
    ../clib/armsys.c                         0x00000000   Number         0  _get_argv_nomalloc.o ABSOLUTE
    ../clib/armsys.c                         0x00000000   Number         0  no_argv.o ABSOLUTE
    ../clib/bigflt.c                         0x00000000   Number         0  bigflt0.o ABSOLUTE
    ../clib/btod.s                           0x00000000   Number         0  btod.o ABSOLUTE
    ../clib/btod_accurate.c                  0x00000000   Number         0  btod_accurate.o ABSOLUTE
    ../clib/btod_accurate.c                  0x00000000   Number         0  btod_accurate_common.o ABSOLUTE
    ../clib/heapalloc.c                      0x00000000   Number         0  hrguard.o ABSOLUTE
    ../clib/heapaux.c                        0x00000000   Number         0  heapauxi.o ABSOLUTE
    ../clib/libinit.s                        0x00000000   Number         0  libinit.o ABSOLUTE
    ../clib/libinit.s                        0x00000000   Number         0  libinit2.o ABSOLUTE
    ../clib/libinit.s                        0x00000000   Number         0  libshutdown.o ABSOLUTE
    ../clib/libinit.s                        0x00000000   Number         0  libshutdown2.o ABSOLUTE
    ../clib/locale.c                         0x00000000   Number         0  _c16rtomb.o ABSOLUTE
    ../clib/locale.s                         0x00000000   Number         0  lc_numeric_c.o ABSOLUTE
    ../clib/locale.s                         0x00000000   Number         0  lc_ctype_c.o ABSOLUTE
    ../clib/longlong.s                       0x00000000   Number         0  lludiv10.o ABSOLUTE
    ../clib/longlong.s                       0x00000000   Number         0  llushr.o ABSOLUTE
    ../clib/memcpset.s                       0x00000000   Number         0  strcmpv7m.o ABSOLUTE
    ../clib/misc.s                           0x00000000   Number         0  printf_stubs.o ABSOLUTE
    ../clib/printf.c                         0x00000000   Number         0  vsnprintf.o ABSOLUTE
    ../clib/printf.c                         0x00000000   Number         0  __printf.o ABSOLUTE
    ../clib/printf.c                         0x00000000   Number         0  _printf_pad.o ABSOLUTE
    ../clib/printf.c                         0x00000000   Number         0  _printf_truncate.o ABSOLUTE
    ../clib/printf.c                         0x00000000   Number         0  _printf_str.o ABSOLUTE
    ../clib/printf.c                         0x00000000   Number         0  _printf_dec.o ABSOLUTE
    ../clib/printf.c                         0x00000000   Number         0  _printf_charcount.o ABSOLUTE
    ../clib/printf.c                         0x00000000   Number         0  _printf_char_common.o ABSOLUTE
    ../clib/printf.c                         0x00000000   Number         0  _sputc.o ABSOLUTE
    ../clib/printf.c                         0x00000000   Number         0  _snputc.o ABSOLUTE
    ../clib/printf.c                         0x00000000   Number         0  _printf_wctomb.o ABSOLUTE
    ../clib/printf.c                         0x00000000   Number         0  _printf_longlong_dec.o ABSOLUTE
    ../clib/printf.c                         0x00000000   Number         0  _printf_oct_ll.o ABSOLUTE
    ../clib/printf.c                         0x00000000   Number         0  _printf_oct_int.o ABSOLUTE
    ../clib/printf.c                         0x00000000   Number         0  _printf_oct_int_ll.o ABSOLUTE
    ../clib/printf.c                         0x00000000   Number         0  _printf_hex_ll.o ABSOLUTE
    ../clib/printf.c                         0x00000000   Number         0  _printf_hex_int.o ABSOLUTE
    ../clib/printf.c                         0x00000000   Number         0  _printf_hex_int_ll.o ABSOLUTE
    ../clib/printf.c                         0x00000000   Number         0  _printf_hex_ptr.o ABSOLUTE
    ../clib/printf.c                         0x00000000   Number         0  _printf_hex_int_ptr.o ABSOLUTE
    ../clib/printf.c                         0x00000000   Number         0  _printf_hex_ll_ptr.o ABSOLUTE
    ../clib/printf.c                         0x00000000   Number         0  _printf_hex_int_ll_ptr.o ABSOLUTE
    ../clib/printf.c                         0x00000000   Number         0  __printf_flags.o ABSOLUTE
    ../clib/printf.c                         0x00000000   Number         0  __printf_ss.o ABSOLUTE
    ../clib/printf.c                         0x00000000   Number         0  __printf_flags_ss.o ABSOLUTE
    ../clib/printf.c                         0x00000000   Number         0  __printf_wp.o ABSOLUTE
    ../clib/printf.c                         0x00000000   Number         0  __printf_flags_wp.o ABSOLUTE
    ../clib/printf.c                         0x00000000   Number         0  __printf_ss_wp.o ABSOLUTE
    ../clib/printf.c                         0x00000000   Number         0  __printf_flags_ss_wp.o ABSOLUTE
    ../clib/printf.c                         0x00000000   Number         0  _printf_intcommon.o ABSOLUTE
    ../clib/printf.c                         0x00000000   Number         0  _printf_fp_dec.o ABSOLUTE
    ../clib/printf.c                         0x00000000   Number         0  _printf_fp_dec_accurate.o ABSOLUTE
    ../clib/printf.c                         0x00000000   Number         0  _printf_fp_hex.o ABSOLUTE
    ../clib/printf.c                         0x00000000   Number         0  __printf_nopercent.o ABSOLUTE
    ../clib/printf.c                         0x00000000   Number         0  _printf_char.o ABSOLUTE
    ../clib/printf.c                         0x00000000   Number         0  _printf_wchar.o ABSOLUTE
    ../clib/printf.c                         0x00000000   Number         0  _printf_fp_infnan.o ABSOLUTE
    ../clib/printf_percent.s                 0x00000000   Number         0  _printf_c.o ABSOLUTE
    ../clib/printf_percent.s                 0x00000000   Number         0  _printf_s.o ABSOLUTE
    ../clib/printf_percent.s                 0x00000000   Number         0  _printf_n.o ABSOLUTE
    ../clib/printf_percent.s                 0x00000000   Number         0  _printf_x.o ABSOLUTE
    ../clib/printf_percent.s                 0x00000000   Number         0  _printf_p.o ABSOLUTE
    ../clib/printf_percent.s                 0x00000000   Number         0  _printf_o.o ABSOLUTE
    ../clib/printf_percent.s                 0x00000000   Number         0  _printf_i.o ABSOLUTE
    ../clib/printf_percent.s                 0x00000000   Number         0  _printf_d.o ABSOLUTE
    ../clib/printf_percent.s                 0x00000000   Number         0  _printf_u.o ABSOLUTE
    ../clib/printf_percent.s                 0x00000000   Number         0  _printf_f.o ABSOLUTE
    ../clib/printf_percent.s                 0x00000000   Number         0  _printf_e.o ABSOLUTE
    ../clib/printf_percent.s                 0x00000000   Number         0  _printf_g.o ABSOLUTE
    ../clib/printf_percent.s                 0x00000000   Number         0  _printf_a.o ABSOLUTE
    ../clib/printf_percent.s                 0x00000000   Number         0  _printf_percent.o ABSOLUTE
    ../clib/printf_percent.s                 0x00000000   Number         0  _printf_lli.o ABSOLUTE
    ../clib/printf_percent.s                 0x00000000   Number         0  _printf_lld.o ABSOLUTE
    ../clib/printf_percent.s                 0x00000000   Number         0  _printf_llu.o ABSOLUTE
    ../clib/printf_percent.s                 0x00000000   Number         0  _printf_ll.o ABSOLUTE
    ../clib/printf_percent.s                 0x00000000   Number         0  _printf_l.o ABSOLUTE
    ../clib/printf_percent.s                 0x00000000   Number         0  _printf_lc.o ABSOLUTE
    ../clib/printf_percent.s                 0x00000000   Number         0  _printf_ls.o ABSOLUTE
    ../clib/printf_percent.s                 0x00000000   Number         0  _printf_llo.o ABSOLUTE
    ../clib/printf_percent.s                 0x00000000   Number         0  _printf_llx.o ABSOLUTE
    ../clib/printf_percent.s                 0x00000000   Number         0  _printf_percent_end.o ABSOLUTE
    ../clib/signal.c                         0x00000000   Number         0  defsig_rtmem_outer.o ABSOLUTE
    ../clib/signal.c                         0x00000000   Number         0  defsig_rtmem_formal.o ABSOLUTE
    ../clib/signal.c                         0x00000000   Number         0  defsig_exit.o ABSOLUTE
    ../clib/signal.c                         0x00000000   Number         0  defsig_rtmem_inner.o ABSOLUTE
    ../clib/signal.c                         0x00000000   Number         0  __raise.o ABSOLUTE
    ../clib/signal.c                         0x00000000   Number         0  defsig_general.o ABSOLUTE
    ../clib/signal.c                         0x00000000   Number         0  defsig_abrt_inner.o ABSOLUTE
    ../clib/signal.c                         0x00000000   Number         0  defsig_fpe_inner.o ABSOLUTE
    ../clib/signal.c                         0x00000000   Number         0  defsig_rtred_inner.o ABSOLUTE
    ../clib/signal.c                         0x00000000   Number         0  defsig_stak_inner.o ABSOLUTE
    ../clib/signal.c                         0x00000000   Number         0  defsig_pvfn_inner.o ABSOLUTE
    ../clib/signal.c                         0x00000000   Number         0  defsig_cppl_inner.o ABSOLUTE
    ../clib/signal.c                         0x00000000   Number         0  defsig_segv_inner.o ABSOLUTE
    ../clib/signal.c                         0x00000000   Number         0  defsig_other.o ABSOLUTE
    ../clib/signal.s                         0x00000000   Number         0  defsig.o ABSOLUTE
    ../clib/stdlib.c                         0x00000000   Number         0  exit.o ABSOLUTE
    ../fplib/fpinit.s                        0x00000000   Number         0  fpinit.o ABSOLUTE
    ../fplib/fpinit_empty.s                  0x00000000   Number         0  fpinit_empty.o ABSOLUTE
    ../fplib/istatus.s                       0x00000000   Number         0  istatus.o ABSOLUTE
    ../fplib/printf1.s                       0x00000000   Number         0  printf1.o ABSOLUTE
    ../fplib/printf2.s                       0x00000000   Number         0  printf2.o ABSOLUTE
    ../fplib/printf2a.s                      0x00000000   Number         0  printf2a.o ABSOLUTE
    ../fplib/printf2b.s                      0x00000000   Number         0  printf2b.o ABSOLUTE
    ../fplib/usenofp.s                       0x00000000   Number         0  usenofp.o ABSOLUTE
    ../mathlib/fpclassify.c                  0x00000000   Number         0  fpclassify.o ABSOLUTE
    RTE/Device/DS_CM3/startup_DS_CM3.s       0x00000000   Number         0  startup_ds_cm3.o ABSOLUTE
    dc.s                                     0x00000000   Number         0  dc.o ABSOLUTE
    main.c                                   0x00000000   Number         0  main.o ABSOLUTE
    system_DS_CM3.c                          0x00000000   Number         0  system_ds_cm3.o ABSOLUTE
    RESET                                    0x00000000   Section      292  startup_ds_cm3.o(RESET)
    !!!main                                  0x00000124   Section        8  __main.o(!!!main)
    !!!scatter                               0x0000012c   Section       52  __scatter.o(!!!scatter)
    !!handler_copy                           0x00000160   Section       26  __scatter_copy.o(!!handler_copy)
    !!handler_zi                             0x0000017c   Section       28  __scatter_zi.o(!!handler_zi)
    .ARM.Collect$$_printf_percent$$00000000  0x00000198   Section        0  _printf_percent.o(.ARM.Collect$$_printf_percent$$00000000)
    .ARM.Collect$$_printf_percent$$00000001  0x00000198   Section        6  _printf_n.o(.ARM.Collect$$_printf_percent$$00000001)
    .ARM.Collect$$_printf_percent$$00000002  0x0000019e   Section        6  _printf_p.o(.ARM.Collect$$_printf_percent$$00000002)
    .ARM.Collect$$_printf_percent$$00000003  0x000001a4   Section        6  _printf_f.o(.ARM.Collect$$_printf_percent$$00000003)
    .ARM.Collect$$_printf_percent$$00000004  0x000001aa   Section        6  _printf_e.o(.ARM.Collect$$_printf_percent$$00000004)
    .ARM.Collect$$_printf_percent$$00000005  0x000001b0   Section        6  _printf_g.o(.ARM.Collect$$_printf_percent$$00000005)
    .ARM.Collect$$_printf_percent$$00000006  0x000001b6   Section        6  _printf_a.o(.ARM.Collect$$_printf_percent$$00000006)
    .ARM.Collect$$_printf_percent$$00000007  0x000001bc   Section       10  _printf_ll.o(.ARM.Collect$$_printf_percent$$00000007)
    .ARM.Collect$$_printf_percent$$00000008  0x000001c6   Section        6  _printf_i.o(.ARM.Collect$$_printf_percent$$00000008)
    .ARM.Collect$$_printf_percent$$00000009  0x000001cc   Section        6  _printf_d.o(.ARM.Collect$$_printf_percent$$00000009)
    .ARM.Collect$$_printf_percent$$0000000A  0x000001d2   Section        6  _printf_u.o(.ARM.Collect$$_printf_percent$$0000000A)
    .ARM.Collect$$_printf_percent$$0000000B  0x000001d8   Section        6  _printf_o.o(.ARM.Collect$$_printf_percent$$0000000B)
    .ARM.Collect$$_printf_percent$$0000000C  0x000001de   Section        6  _printf_x.o(.ARM.Collect$$_printf_percent$$0000000C)
    .ARM.Collect$$_printf_percent$$0000000D  0x000001e4   Section        6  _printf_lli.o(.ARM.Collect$$_printf_percent$$0000000D)
    .ARM.Collect$$_printf_percent$$0000000E  0x000001ea   Section        6  _printf_lld.o(.ARM.Collect$$_printf_percent$$0000000E)
    .ARM.Collect$$_printf_percent$$0000000F  0x000001f0   Section        6  _printf_llu.o(.ARM.Collect$$_printf_percent$$0000000F)
    .ARM.Collect$$_printf_percent$$00000010  0x000001f6   Section        6  _printf_llo.o(.ARM.Collect$$_printf_percent$$00000010)
    .ARM.Collect$$_printf_percent$$00000011  0x000001fc   Section        6  _printf_llx.o(.ARM.Collect$$_printf_percent$$00000011)
    .ARM.Collect$$_printf_percent$$00000012  0x00000202   Section       10  _printf_l.o(.ARM.Collect$$_printf_percent$$00000012)
    .ARM.Collect$$_printf_percent$$00000013  0x0000020c   Section        6  _printf_c.o(.ARM.Collect$$_printf_percent$$00000013)
    .ARM.Collect$$_printf_percent$$00000014  0x00000212   Section        6  _printf_s.o(.ARM.Collect$$_printf_percent$$00000014)
    .ARM.Collect$$_printf_percent$$00000015  0x00000218   Section        6  _printf_lc.o(.ARM.Collect$$_printf_percent$$00000015)
    .ARM.Collect$$_printf_percent$$00000016  0x0000021e   Section        6  _printf_ls.o(.ARM.Collect$$_printf_percent$$00000016)
    .ARM.Collect$$_printf_percent$$00000017  0x00000224   Section        4  _printf_percent_end.o(.ARM.Collect$$_printf_percent$$00000017)
    .ARM.Collect$$libinit$$00000000          0x00000228   Section        2  libinit.o(.ARM.Collect$$libinit$$00000000)
    .ARM.Collect$$libinit$$00000002          0x0000022a   Section        0  libinit2.o(.ARM.Collect$$libinit$$00000002)
    .ARM.Collect$$libinit$$00000004          0x0000022a   Section        0  libinit2.o(.ARM.Collect$$libinit$$00000004)
    .ARM.Collect$$libinit$$0000000A          0x0000022a   Section        0  libinit2.o(.ARM.Collect$$libinit$$0000000A)
    .ARM.Collect$$libinit$$0000000C          0x0000022a   Section        0  libinit2.o(.ARM.Collect$$libinit$$0000000C)
    .ARM.Collect$$libinit$$0000000E          0x0000022a   Section        0  libinit2.o(.ARM.Collect$$libinit$$0000000E)
    .ARM.Collect$$libinit$$0000000F          0x0000022a   Section        6  libinit2.o(.ARM.Collect$$libinit$$0000000F)
    .ARM.Collect$$libinit$$00000011          0x00000230   Section        0  libinit2.o(.ARM.Collect$$libinit$$00000011)
    .ARM.Collect$$libinit$$00000012          0x00000230   Section       12  libinit2.o(.ARM.Collect$$libinit$$00000012)
    .ARM.Collect$$libinit$$00000013          0x0000023c   Section        0  libinit2.o(.ARM.Collect$$libinit$$00000013)
    .ARM.Collect$$libinit$$00000015          0x0000023c   Section        0  libinit2.o(.ARM.Collect$$libinit$$00000015)
    .ARM.Collect$$libinit$$00000016          0x0000023c   Section       10  libinit2.o(.ARM.Collect$$libinit$$00000016)
    .ARM.Collect$$libinit$$00000017          0x00000246   Section        0  libinit2.o(.ARM.Collect$$libinit$$00000017)
    .ARM.Collect$$libinit$$00000019          0x00000246   Section        0  libinit2.o(.ARM.Collect$$libinit$$00000019)
    .ARM.Collect$$libinit$$0000001B          0x00000246   Section        0  libinit2.o(.ARM.Collect$$libinit$$0000001B)
    .ARM.Collect$$libinit$$0000001D          0x00000246   Section        0  libinit2.o(.ARM.Collect$$libinit$$0000001D)
    .ARM.Collect$$libinit$$0000001F          0x00000246   Section        0  libinit2.o(.ARM.Collect$$libinit$$0000001F)
    .ARM.Collect$$libinit$$00000021          0x00000246   Section        0  libinit2.o(.ARM.Collect$$libinit$$00000021)
    .ARM.Collect$$libinit$$00000023          0x00000246   Section        0  libinit2.o(.ARM.Collect$$libinit$$00000023)
    .ARM.Collect$$libinit$$00000025          0x00000246   Section        0  libinit2.o(.ARM.Collect$$libinit$$00000025)
    .ARM.Collect$$libinit$$0000002C          0x00000246   Section        0  libinit2.o(.ARM.Collect$$libinit$$0000002C)
    .ARM.Collect$$libinit$$0000002E          0x00000246   Section        0  libinit2.o(.ARM.Collect$$libinit$$0000002E)
    .ARM.Collect$$libinit$$00000030          0x00000246   Section        0  libinit2.o(.ARM.Collect$$libinit$$00000030)
    .ARM.Collect$$libinit$$00000032          0x00000246   Section        0  libinit2.o(.ARM.Collect$$libinit$$00000032)
    .ARM.Collect$$libinit$$00000033          0x00000246   Section        2  libinit2.o(.ARM.Collect$$libinit$$00000033)
    .ARM.Collect$$libshutdown$$00000000      0x00000248   Section        2  libshutdown.o(.ARM.Collect$$libshutdown$$00000000)
    .ARM.Collect$$libshutdown$$00000002      0x0000024a   Section        0  libshutdown2.o(.ARM.Collect$$libshutdown$$00000002)
    .ARM.Collect$$libshutdown$$00000004      0x0000024a   Section        0  libshutdown2.o(.ARM.Collect$$libshutdown$$00000004)
    .ARM.Collect$$libshutdown$$00000007      0x0000024a   Section        0  libshutdown2.o(.ARM.Collect$$libshutdown$$00000007)
    .ARM.Collect$$libshutdown$$0000000A      0x0000024a   Section        0  libshutdown2.o(.ARM.Collect$$libshutdown$$0000000A)
    .ARM.Collect$$libshutdown$$0000000C      0x0000024a   Section        0  libshutdown2.o(.ARM.Collect$$libshutdown$$0000000C)
    .ARM.Collect$$libshutdown$$0000000F      0x0000024a   Section        0  libshutdown2.o(.ARM.Collect$$libshutdown$$0000000F)
    .ARM.Collect$$libshutdown$$00000010      0x0000024a   Section        2  libshutdown2.o(.ARM.Collect$$libshutdown$$00000010)
    .ARM.Collect$$rtentry$$00000000          0x0000024c   Section        0  __rtentry.o(.ARM.Collect$$rtentry$$00000000)
    .ARM.Collect$$rtentry$$00000002          0x0000024c   Section        0  __rtentry2.o(.ARM.Collect$$rtentry$$00000002)
    .ARM.Collect$$rtentry$$00000004          0x0000024c   Section        6  __rtentry4.o(.ARM.Collect$$rtentry$$00000004)
    .ARM.Collect$$rtentry$$00000009          0x00000252   Section        0  __rtentry2.o(.ARM.Collect$$rtentry$$00000009)
    .ARM.Collect$$rtentry$$0000000A          0x00000252   Section        4  __rtentry2.o(.ARM.Collect$$rtentry$$0000000A)
    .ARM.Collect$$rtentry$$0000000C          0x00000256   Section        0  __rtentry2.o(.ARM.Collect$$rtentry$$0000000C)
    .ARM.Collect$$rtentry$$0000000D          0x00000256   Section        8  __rtentry2.o(.ARM.Collect$$rtentry$$0000000D)
    .ARM.Collect$$rtexit$$00000000           0x0000025e   Section        2  rtexit.o(.ARM.Collect$$rtexit$$00000000)
    .ARM.Collect$$rtexit$$00000002           0x00000260   Section        0  rtexit2.o(.ARM.Collect$$rtexit$$00000002)
    .ARM.Collect$$rtexit$$00000003           0x00000260   Section        4  rtexit2.o(.ARM.Collect$$rtexit$$00000003)
    .ARM.Collect$$rtexit$$00000004           0x00000264   Section        6  rtexit2.o(.ARM.Collect$$rtexit$$00000004)
    .text                                    0x0000026c   Section       64  startup_ds_cm3.o(.text)
    .text                                    0x000002ac   Section        0  vsnprintf.o(.text)
    .text                                    0x000002e0   Section        0  heapauxi.o(.text)
    .text                                    0x000002e6   Section        0  _printf_pad.o(.text)
    .text                                    0x00000334   Section        0  _printf_truncate.o(.text)
    .text                                    0x00000358   Section        0  _printf_str.o(.text)
    .text                                    0x000003ac   Section        0  _printf_dec.o(.text)
    .text                                    0x00000424   Section        0  _printf_charcount.o(.text)
    _printf_input_char                       0x0000044d   Thumb Code    10  _printf_char_common.o(.text)
    .text                                    0x0000044c   Section        0  _printf_char_common.o(.text)
    .text                                    0x0000047c   Section        0  _sputc.o(.text)
    .text                                    0x00000486   Section        0  _snputc.o(.text)
    .text                                    0x00000498   Section        0  _printf_wctomb.o(.text)
    .text                                    0x00000554   Section        0  _printf_longlong_dec.o(.text)
    _printf_longlong_oct_internal            0x000005d1   Thumb Code     0  _printf_oct_int_ll.o(.text)
    .text                                    0x000005d0   Section        0  _printf_oct_int_ll.o(.text)
    _printf_hex_common                       0x00000641   Thumb Code     0  _printf_hex_int_ll_ptr.o(.text)
    .text                                    0x00000640   Section        0  _printf_hex_int_ll_ptr.o(.text)
    .text                                    0x000006d4   Section        0  __printf_flags_ss_wp.o(.text)
    .text                                    0x0000085c   Section      138  lludiv10.o(.text)
    .text                                    0x000008e6   Section        0  _printf_intcommon.o(.text)
    _fp_digits                               0x00000999   Thumb Code   432  _printf_fp_dec.o(.text)
    .text                                    0x00000998   Section        0  _printf_fp_dec.o(.text)
    .text                                    0x00000db4   Section        0  _printf_fp_hex.o(.text)
    .text                                    0x000010b0   Section        0  _printf_char.o(.text)
    .text                                    0x000010dc   Section        0  _printf_wchar.o(.text)
    .text                                    0x00001108   Section        0  _c16rtomb.o(.text)
    .text                                    0x00001150   Section       74  sys_stackheap_outer.o(.text)
    .text                                    0x0000119c   Section       16  rt_ctype_table.o(.text)
    .text                                    0x000011ac   Section        8  rt_locale_intlibspace.o(.text)
    .text                                    0x000011b4   Section        0  _printf_fp_infnan.o(.text)
    .text                                    0x00001234   Section        0  bigflt0.o(.text)
    .text                                    0x00001318   Section        0  exit.o(.text)
    .text                                    0x0000132c   Section        8  libspace.o(.text)
    .text                                    0x00001334   Section      128  strcmpv7m.o(.text)
    .text                                    0x000013b4   Section        0  sys_exit.o(.text)
    .text                                    0x000013c0   Section        2  use_no_semi.o(.text)
    .text                                    0x000013c2   Section        0  indicate_semi.o(.text)
    [Anonymous Symbol]                       0x000013c4   Section        0  main.o(.text.MyUartPrintf)
    SysTick_Config                           0x0000140d   Thumb Code    36  main.o(.text.SysTick_Config)
    [Anonymous Symbol]                       0x0000140c   Section        0  main.o(.text.SysTick_Config)
    [Anonymous Symbol]                       0x00001430   Section        0  main.o(.text.SysTick_Handler)
    [Anonymous Symbol]                       0x00001440   Section        0  system_ds_cm3.o(.text.SystemCoreClockUpdate)
    [Anonymous Symbol]                       0x00001454   Section        0  system_ds_cm3.o(.text.SystemInit)
    [Anonymous Symbol]                       0x00001468   Section        0  main.o(.text.XGpio_DiscreteRead)
    [Anonymous Symbol]                       0x00001478   Section        0  main.o(.text.XGpio_DiscreteWrite)
    [Anonymous Symbol]                       0x00001488   Section        0  main.o(.text.XGpio_In32)
    [Anonymous Symbol]                       0x0000148c   Section        0  main.o(.text.XUartLite_SendByte)
    [Anonymous Symbol]                       0x000014ac   Section        0  main.o(.text.Xil_Out32)
    __NVIC_SetPriority                       0x000014b1   Thumb Code    14  main.o(.text.__NVIC_SetPriority)
    [Anonymous Symbol]                       0x000014b0   Section        0  main.o(.text.__NVIC_SetPriority)
    [Anonymous Symbol]                       0x000014c0   Section        0  main.o(.text.cm3_print)
    [Anonymous Symbol]                       0x000014e8   Section        0  main.o(.text.delay_ms)
    [Anonymous Symbol]                       0x000014fc   Section        0  main.o(.text.led_blink)
    [Anonymous Symbol]                       0x00001528   Section        0  main.o(.text.main)
    CL$$btod_d2e                             0x000015bc   Section       62  btod.o(CL$$btod_d2e)
    CL$$btod_d2e_denorm_low                  0x000015fa   Section       70  btod.o(CL$$btod_d2e_denorm_low)
    CL$$btod_d2e_norm_op1                    0x00001640   Section       96  btod.o(CL$$btod_d2e_norm_op1)
    CL$$btod_div_common                      0x000016a0   Section      824  btod.o(CL$$btod_div_common)
    CL$$btod_e2e                             0x000019d8   Section      220  btod.o(CL$$btod_e2e)
    CL$$btod_ediv                            0x00001ab4   Section       42  btod.o(CL$$btod_ediv)
    CL$$btod_emul                            0x00001ade   Section       42  btod.o(CL$$btod_emul)
    CL$$btod_mult_common                     0x00001b08   Section      580  btod.o(CL$$btod_mult_common)
    i.__ARM_fpclassify                       0x00001d4c   Section        0  fpclassify.o(i.__ARM_fpclassify)
    i._is_digit                              0x00001d74   Section        0  __printf_wp.o(i._is_digit)
    locale$$code                             0x00001d84   Section       44  lc_numeric_c.o(locale$$code)
    locale$$code                             0x00001db0   Section       44  lc_ctype_c.o(locale$$code)
    x$fpl$printf1                            0x00001ddc   Section        4  printf1.o(x$fpl$printf1)
    x$fpl$printf2                            0x00001de0   Section        4  printf2.o(x$fpl$printf2)
    initial_mbstate                          0x00001de4   Data           8  _printf_wctomb.o(.constdata)
    .constdata                               0x00001de4   Section        8  _printf_wctomb.o(.constdata)
    x$fpl$usenofp                            0x00001de4   Section        0  usenofp.o(x$fpl$usenofp)
    uc_hextab                                0x00001dec   Data          20  _printf_hex_int_ll_ptr.o(.constdata)
    .constdata                               0x00001dec   Section       40  _printf_hex_int_ll_ptr.o(.constdata)
    lc_hextab                                0x00001e00   Data          20  _printf_hex_int_ll_ptr.o(.constdata)
    maptable                                 0x00001e14   Data          17  __printf_flags_ss_wp.o(.constdata)
    .constdata                               0x00001e14   Section       17  __printf_flags_ss_wp.o(.constdata)
    lc_hextab                                0x00001e25   Data          19  _printf_fp_hex.o(.constdata)
    .constdata                               0x00001e25   Section       38  _printf_fp_hex.o(.constdata)
    uc_hextab                                0x00001e38   Data          19  _printf_fp_hex.o(.constdata)
    tenpwrs_x                                0x00001e4c   Data          60  bigflt0.o(.constdata)
    .constdata                               0x00001e4c   Section      148  bigflt0.o(.constdata)
    tenpwrs_i                                0x00001e88   Data          64  bigflt0.o(.constdata)
    .L.str                                   0x00001ee0   Data          66  main.o(.rodata.str1.1)
    [Anonymous Symbol]                       0x00001ee0   Section        0  main.o(.rodata.str1.1)
    locale$$data                             0x00001f44   Section       28  lc_numeric_c.o(locale$$data)
    __lcnum_c_name                           0x00001f48   Data           2  lc_numeric_c.o(locale$$data)
    __lcnum_c_start                          0x00001f50   Data           0  lc_numeric_c.o(locale$$data)
    __lcnum_c_point                          0x00001f5c   Data           0  lc_numeric_c.o(locale$$data)
    __lcnum_c_thousands                      0x00001f5e   Data           0  lc_numeric_c.o(locale$$data)
    __lcnum_c_grouping                       0x00001f5f   Data           0  lc_numeric_c.o(locale$$data)
    __lcnum_c_end                            0x00001f60   Data           0  lc_numeric_c.o(locale$$data)
    locale$$data                             0x00001f60   Section      272  lc_ctype_c.o(locale$$data)
    __lcctype_c_name                         0x00001f64   Data           2  lc_ctype_c.o(locale$$data)
    __lcctype_c_start                        0x00001f6c   Data           0  lc_ctype_c.o(locale$$data)
    __lcctype_c_end                          0x00002070   Data           0  lc_ctype_c.o(locale$$data)
    .bss                                     0x20000008   Section       96  libspace.o(.bss)
    Heap_Mem                                 0x20000070   Data        3072  startup_ds_cm3.o(HEAP)
    HEAP                                     0x20000070   Section     3072  startup_ds_cm3.o(HEAP)
    Stack_Mem                                0x20000c70   Data        1024  startup_ds_cm3.o(STACK)
    STACK                                    0x20000c70   Section     1024  startup_ds_cm3.o(STACK)
    __initial_sp                             0x20001070   Data           0  startup_ds_cm3.o(STACK)

    Global Symbols

    Symbol Name                              Value     Ov Type        Size  Object(Section)

    BuildAttributes$$THM_ISAv4$P$D$K$B$S$PE$A:L22UL41UL21$X:L11$S22US41US21$IEEE1$IW$~IW$USESV6$~STKCKD$USESV7$~SHL$OTIME$ROPI$IEEEJ$EBA8$UX$STANDARDLIB$REQ8$PRES8$EABIv2 0x00000000   Number         0  anon$$obj.o ABSOLUTE
    __Vectors                                0x00000000   Data           4  startup_ds_cm3.o(RESET)
    __fp_init_empty                          0x00000000   Number         0  fpinit_empty.o ABSOLUTE
    _printf_flags                            0x00000000   Number         0  printf_stubs.o ABSOLUTE
    _printf_return_value                     0x00000000   Number         0  printf_stubs.o ABSOLUTE
    _printf_sizespec                         0x00000000   Number         0  printf_stubs.o ABSOLUTE
    _printf_widthprec                        0x00000000   Number         0  printf_stubs.o ABSOLUTE
    __ARM_exceptions_init                     - Undefined Weak Reference
    __alloca_initialize                       - Undefined Weak Reference
    __arm_preinit_                            - Undefined Weak Reference
    __cpp_initialize__aeabi_                  - Undefined Weak Reference
    __cxa_finalize                            - Undefined Weak Reference
    __sigvec_lookup                           - Undefined Weak Reference
    _atexit_init                              - Undefined Weak Reference
    _call_atexit_fns                          - Undefined Weak Reference
    _clock_init                               - Undefined Weak Reference
    _fp_trap_init                             - Undefined Weak Reference
    _fp_trap_shutdown                         - Undefined Weak Reference
    _get_lc_collate                           - Undefined Weak Reference
    _get_lc_monetary                          - Undefined Weak Reference
    _get_lc_time                              - Undefined Weak Reference
    _getenv_init                              - Undefined Weak Reference
    _handle_redirection                       - Undefined Weak Reference
    _init_alloc                               - Undefined Weak Reference
    _init_user_alloc                          - Undefined Weak Reference
    _initio                                   - Undefined Weak Reference
    _printf_mbtowc                            - Undefined Weak Reference
    _printf_wc                                - Undefined Weak Reference
    _rand_init                                - Undefined Weak Reference
    _signal_finish                            - Undefined Weak Reference
    _signal_init                              - Undefined Weak Reference
    _terminate_alloc                          - Undefined Weak Reference
    _terminate_user_alloc                     - Undefined Weak Reference
    _terminateio                              - Undefined Weak Reference
    __Vectors_End                            0x00000124   Data           0  startup_ds_cm3.o(RESET)
    __Vectors_Size                           0x00000124   Number         0  startup_ds_cm3.o ABSOLUTE
    __main                                   0x00000125   Thumb Code     8  __main.o(!!!main)
    __scatterload                            0x0000012d   Thumb Code     0  __scatter.o(!!!scatter)
    __scatterload_rt2                        0x0000012d   Thumb Code    44  __scatter.o(!!!scatter)
    __scatterload_rt2_thumb_only             0x0000012d   Thumb Code     0  __scatter.o(!!!scatter)
    __scatterload_null                       0x0000013b   Thumb Code     0  __scatter.o(!!!scatter)
    __scatterload_copy                       0x00000161   Thumb Code    26  __scatter_copy.o(!!handler_copy)
    __scatterload_zeroinit                   0x0000017d   Thumb Code    28  __scatter_zi.o(!!handler_zi)
    _printf_n                                0x00000199   Thumb Code     0  _printf_n.o(.ARM.Collect$$_printf_percent$$00000001)
    _printf_percent                          0x00000199   Thumb Code     0  _printf_percent.o(.ARM.Collect$$_printf_percent$$00000000)
    _printf_p                                0x0000019f   Thumb Code     0  _printf_p.o(.ARM.Collect$$_printf_percent$$00000002)
    _printf_f                                0x000001a5   Thumb Code     0  _printf_f.o(.ARM.Collect$$_printf_percent$$00000003)
    _printf_e                                0x000001ab   Thumb Code     0  _printf_e.o(.ARM.Collect$$_printf_percent$$00000004)
    _printf_g                                0x000001b1   Thumb Code     0  _printf_g.o(.ARM.Collect$$_printf_percent$$00000005)
    _printf_a                                0x000001b7   Thumb Code     0  _printf_a.o(.ARM.Collect$$_printf_percent$$00000006)
    _printf_ll                               0x000001bd   Thumb Code     0  _printf_ll.o(.ARM.Collect$$_printf_percent$$00000007)
    _printf_i                                0x000001c7   Thumb Code     0  _printf_i.o(.ARM.Collect$$_printf_percent$$00000008)
    _printf_d                                0x000001cd   Thumb Code     0  _printf_d.o(.ARM.Collect$$_printf_percent$$00000009)
    _printf_u                                0x000001d3   Thumb Code     0  _printf_u.o(.ARM.Collect$$_printf_percent$$0000000A)
    _printf_o                                0x000001d9   Thumb Code     0  _printf_o.o(.ARM.Collect$$_printf_percent$$0000000B)
    _printf_x                                0x000001df   Thumb Code     0  _printf_x.o(.ARM.Collect$$_printf_percent$$0000000C)
    _printf_lli                              0x000001e5   Thumb Code     0  _printf_lli.o(.ARM.Collect$$_printf_percent$$0000000D)
    _printf_lld                              0x000001eb   Thumb Code     0  _printf_lld.o(.ARM.Collect$$_printf_percent$$0000000E)
    _printf_llu                              0x000001f1   Thumb Code     0  _printf_llu.o(.ARM.Collect$$_printf_percent$$0000000F)
    _printf_llo                              0x000001f7   Thumb Code     0  _printf_llo.o(.ARM.Collect$$_printf_percent$$00000010)
    _printf_llx                              0x000001fd   Thumb Code     0  _printf_llx.o(.ARM.Collect$$_printf_percent$$00000011)
    _printf_l                                0x00000203   Thumb Code     0  _printf_l.o(.ARM.Collect$$_printf_percent$$00000012)
    _printf_c                                0x0000020d   Thumb Code     0  _printf_c.o(.ARM.Collect$$_printf_percent$$00000013)
    _printf_s                                0x00000213   Thumb Code     0  _printf_s.o(.ARM.Collect$$_printf_percent$$00000014)
    _printf_lc                               0x00000219   Thumb Code     0  _printf_lc.o(.ARM.Collect$$_printf_percent$$00000015)
    _printf_ls                               0x0000021f   Thumb Code     0  _printf_ls.o(.ARM.Collect$$_printf_percent$$00000016)
    _printf_percent_end                      0x00000225   Thumb Code     0  _printf_percent_end.o(.ARM.Collect$$_printf_percent$$00000017)
    __rt_lib_init                            0x00000229   Thumb Code     0  libinit.o(.ARM.Collect$$libinit$$00000000)
    __rt_lib_init_fp_1                       0x0000022b   Thumb Code     0  libinit2.o(.ARM.Collect$$libinit$$00000002)
    __rt_lib_init_heap_1                     0x0000022b   Thumb Code     0  libinit2.o(.ARM.Collect$$libinit$$0000000A)
    __rt_lib_init_lc_common                  0x0000022b   Thumb Code     0  libinit2.o(.ARM.Collect$$libinit$$0000000F)
    __rt_lib_init_preinit_1                  0x0000022b   Thumb Code     0  libinit2.o(.ARM.Collect$$libinit$$00000004)
    __rt_lib_init_rand_1                     0x0000022b   Thumb Code     0  libinit2.o(.ARM.Collect$$libinit$$0000000E)
    __rt_lib_init_user_alloc_1               0x0000022b   Thumb Code     0  libinit2.o(.ARM.Collect$$libinit$$0000000C)
    __rt_lib_init_lc_collate_1               0x00000231   Thumb Code     0  libinit2.o(.ARM.Collect$$libinit$$00000011)
    __rt_lib_init_lc_ctype_2                 0x00000231   Thumb Code     0  libinit2.o(.ARM.Collect$$libinit$$00000012)
    __rt_lib_init_lc_ctype_1                 0x0000023d   Thumb Code     0  libinit2.o(.ARM.Collect$$libinit$$00000013)
    __rt_lib_init_lc_monetary_1              0x0000023d   Thumb Code     0  libinit2.o(.ARM.Collect$$libinit$$00000015)
    __rt_lib_init_lc_numeric_2               0x0000023d   Thumb Code     0  libinit2.o(.ARM.Collect$$libinit$$00000016)
    __rt_lib_init_alloca_1                   0x00000247   Thumb Code     0  libinit2.o(.ARM.Collect$$libinit$$0000002E)
    __rt_lib_init_argv_1                     0x00000247   Thumb Code     0  libinit2.o(.ARM.Collect$$libinit$$0000002C)
    __rt_lib_init_atexit_1                   0x00000247   Thumb Code     0  libinit2.o(.ARM.Collect$$libinit$$0000001B)
    __rt_lib_init_clock_1                    0x00000247   Thumb Code     0  libinit2.o(.ARM.Collect$$libinit$$00000021)
    __rt_lib_init_cpp_1                      0x00000247   Thumb Code     0  libinit2.o(.ARM.Collect$$libinit$$00000032)
    __rt_lib_init_exceptions_1               0x00000247   Thumb Code     0  libinit2.o(.ARM.Collect$$libinit$$00000030)
    __rt_lib_init_fp_trap_1                  0x00000247   Thumb Code     0  libinit2.o(.ARM.Collect$$libinit$$0000001F)
    __rt_lib_init_getenv_1                   0x00000247   Thumb Code     0  libinit2.o(.ARM.Collect$$libinit$$00000023)
    __rt_lib_init_lc_numeric_1               0x00000247   Thumb Code     0  libinit2.o(.ARM.Collect$$libinit$$00000017)
    __rt_lib_init_lc_time_1                  0x00000247   Thumb Code     0  libinit2.o(.ARM.Collect$$libinit$$00000019)
    __rt_lib_init_return                     0x00000247   Thumb Code     0  libinit2.o(.ARM.Collect$$libinit$$00000033)
    __rt_lib_init_signal_1                   0x00000247   Thumb Code     0  libinit2.o(.ARM.Collect$$libinit$$0000001D)
    __rt_lib_init_stdio_1                    0x00000247   Thumb Code     0  libinit2.o(.ARM.Collect$$libinit$$00000025)
    __rt_lib_shutdown                        0x00000249   Thumb Code     0  libshutdown.o(.ARM.Collect$$libshutdown$$00000000)
    __rt_lib_shutdown_cpp_1                  0x0000024b   Thumb Code     0  libshutdown2.o(.ARM.Collect$$libshutdown$$00000002)
    __rt_lib_shutdown_fp_trap_1              0x0000024b   Thumb Code     0  libshutdown2.o(.ARM.Collect$$libshutdown$$00000007)
    __rt_lib_shutdown_heap_1                 0x0000024b   Thumb Code     0  libshutdown2.o(.ARM.Collect$$libshutdown$$0000000F)
    __rt_lib_shutdown_return                 0x0000024b   Thumb Code     0  libshutdown2.o(.ARM.Collect$$libshutdown$$00000010)
    __rt_lib_shutdown_signal_1               0x0000024b   Thumb Code     0  libshutdown2.o(.ARM.Collect$$libshutdown$$0000000A)
    __rt_lib_shutdown_stdio_1                0x0000024b   Thumb Code     0  libshutdown2.o(.ARM.Collect$$libshutdown$$00000004)
    __rt_lib_shutdown_user_alloc_1           0x0000024b   Thumb Code     0  libshutdown2.o(.ARM.Collect$$libshutdown$$0000000C)
    __rt_entry                               0x0000024d   Thumb Code     0  __rtentry.o(.ARM.Collect$$rtentry$$00000000)
    __rt_entry_presh_1                       0x0000024d   Thumb Code     0  __rtentry2.o(.ARM.Collect$$rtentry$$00000002)
    __rt_entry_sh                            0x0000024d   Thumb Code     0  __rtentry4.o(.ARM.Collect$$rtentry$$00000004)
    __rt_entry_li                            0x00000253   Thumb Code     0  __rtentry2.o(.ARM.Collect$$rtentry$$0000000A)
    __rt_entry_postsh_1                      0x00000253   Thumb Code     0  __rtentry2.o(.ARM.Collect$$rtentry$$00000009)
    __rt_entry_main                          0x00000257   Thumb Code     0  __rtentry2.o(.ARM.Collect$$rtentry$$0000000D)
    __rt_entry_postli_1                      0x00000257   Thumb Code     0  __rtentry2.o(.ARM.Collect$$rtentry$$0000000C)
    __rt_exit                                0x0000025f   Thumb Code     0  rtexit.o(.ARM.Collect$$rtexit$$00000000)
    __rt_exit_ls                             0x00000261   Thumb Code     0  rtexit2.o(.ARM.Collect$$rtexit$$00000003)
    __rt_exit_prels_1                        0x00000261   Thumb Code     0  rtexit2.o(.ARM.Collect$$rtexit$$00000002)
    __rt_exit_exit                           0x00000265   Thumb Code     0  rtexit2.o(.ARM.Collect$$rtexit$$00000004)
    Reset_Handler                            0x0000026d   Thumb Code     8  startup_ds_cm3.o(.text)
    NMI_Handler                              0x00000275   Thumb Code     2  startup_ds_cm3.o(.text)
    HardFault_Handler                        0x00000277   Thumb Code     2  startup_ds_cm3.o(.text)
    MemManage_Handler                        0x00000279   Thumb Code     2  startup_ds_cm3.o(.text)
    BusFault_Handler                         0x0000027b   Thumb Code     2  startup_ds_cm3.o(.text)
    UsageFault_Handler                       0x0000027d   Thumb Code     2  startup_ds_cm3.o(.text)
    SVC_Handler                              0x0000027f   Thumb Code     2  startup_ds_cm3.o(.text)
    DebugMon_Handler                         0x00000281   Thumb Code     2  startup_ds_cm3.o(.text)
    PendSV_Handler                           0x00000283   Thumb Code     2  startup_ds_cm3.o(.text)
    DUALTIMER_Handler                        0x00000287   Thumb Code     0  startup_ds_cm3.o(.text)
    ETHERNET_Handler                         0x00000287   Thumb Code     0  startup_ds_cm3.o(.text)
    GPIO0_0_Handler                          0x00000287   Thumb Code     0  startup_ds_cm3.o(.text)
    GPIO0_10_Handler                         0x00000287   Thumb Code     0  startup_ds_cm3.o(.text)
    GPIO0_11_Handler                         0x00000287   Thumb Code     0  startup_ds_cm3.o(.text)
    GPIO0_12_Handler                         0x00000287   Thumb Code     0  startup_ds_cm3.o(.text)
    GPIO0_13_Handler                         0x00000287   Thumb Code     0  startup_ds_cm3.o(.text)
    GPIO0_14_Handler                         0x00000287   Thumb Code     0  startup_ds_cm3.o(.text)
    GPIO0_15_Handler                         0x00000287   Thumb Code     0  startup_ds_cm3.o(.text)
    GPIO0_1_Handler                          0x00000287   Thumb Code     0  startup_ds_cm3.o(.text)
    GPIO0_2_Handler                          0x00000287   Thumb Code     0  startup_ds_cm3.o(.text)
    GPIO0_3_Handler                          0x00000287   Thumb Code     0  startup_ds_cm3.o(.text)
    GPIO0_4_Handler                          0x00000287   Thumb Code     0  startup_ds_cm3.o(.text)
    GPIO0_5_Handler                          0x00000287   Thumb Code     0  startup_ds_cm3.o(.text)
    GPIO0_6_Handler                          0x00000287   Thumb Code     0  startup_ds_cm3.o(.text)
    GPIO0_7_Handler                          0x00000287   Thumb Code     0  startup_ds_cm3.o(.text)
    GPIO0_8_Handler                          0x00000287   Thumb Code     0  startup_ds_cm3.o(.text)
    GPIO0_9_Handler                          0x00000287   Thumb Code     0  startup_ds_cm3.o(.text)
    GPIO0_Handler                            0x00000287   Thumb Code     0  startup_ds_cm3.o(.text)
    GPIO1_Handler                            0x00000287   Thumb Code     0  startup_ds_cm3.o(.text)
    GPIO2_Handler                            0x00000287   Thumb Code     0  startup_ds_cm3.o(.text)
    GPIO3_Handler                            0x00000287   Thumb Code     0  startup_ds_cm3.o(.text)
    GPIO4_Handler                            0x00000287   Thumb Code     0  startup_ds_cm3.o(.text)
    GPIO5_Handler                            0x00000287   Thumb Code     0  startup_ds_cm3.o(.text)
    I2S_Handler                              0x00000287   Thumb Code     0  startup_ds_cm3.o(.text)
    MPS2_SPI0_Handler                        0x00000287   Thumb Code     0  startup_ds_cm3.o(.text)
    MPS2_SPI1_Handler                        0x00000287   Thumb Code     0  startup_ds_cm3.o(.text)
    MPS2_SPI2_Handler                        0x00000287   Thumb Code     0  startup_ds_cm3.o(.text)
    MPS2_SPI3_Handler                        0x00000287   Thumb Code     0  startup_ds_cm3.o(.text)
    MPS2_SPI4_Handler                        0x00000287   Thumb Code     0  startup_ds_cm3.o(.text)
    RESERVED10_Handler                       0x00000287   Thumb Code     0  startup_ds_cm3.o(.text)
    RESERVED11_Handler                       0x00000287   Thumb Code     0  startup_ds_cm3.o(.text)
    RESERVED12_Handler                       0x00000287   Thumb Code     0  startup_ds_cm3.o(.text)
    RESERVED13_Handler                       0x00000287   Thumb Code     0  startup_ds_cm3.o(.text)
    RESERVED14_Handler                       0x00000287   Thumb Code     0  startup_ds_cm3.o(.text)
    RESERVED1_Handler                        0x00000287   Thumb Code     0  startup_ds_cm3.o(.text)
    RESERVED2_Handler                        0x00000287   Thumb Code     0  startup_ds_cm3.o(.text)
    RESERVED3_Handler                        0x00000287   Thumb Code     0  startup_ds_cm3.o(.text)
    RESERVED4_Handler                        0x00000287   Thumb Code     0  startup_ds_cm3.o(.text)
    RESERVED5_Handler                        0x00000287   Thumb Code     0  startup_ds_cm3.o(.text)
    RESERVED6_Handler                        0x00000287   Thumb Code     0  startup_ds_cm3.o(.text)
    RESERVED7_Handler                        0x00000287   Thumb Code     0  startup_ds_cm3.o(.text)
    RESERVED8_Handler                        0x00000287   Thumb Code     0  startup_ds_cm3.o(.text)
    RESERVED9_Handler                        0x00000287   Thumb Code     0  startup_ds_cm3.o(.text)
    RTC_Handler                              0x00000287   Thumb Code     0  startup_ds_cm3.o(.text)
    TIMER0_Handler                           0x00000287   Thumb Code     0  startup_ds_cm3.o(.text)
    TIMER1_Handler                           0x00000287   Thumb Code     0  startup_ds_cm3.o(.text)
    TRNG_Handler                             0x00000287   Thumb Code     0  startup_ds_cm3.o(.text)
    TSC_Handler                              0x00000287   Thumb Code     0  startup_ds_cm3.o(.text)
    UART0_Handler                            0x00000287   Thumb Code     0  startup_ds_cm3.o(.text)
    UART1_Handler                            0x00000287   Thumb Code     0  startup_ds_cm3.o(.text)
    UART2_Handler                            0x00000287   Thumb Code     0  startup_ds_cm3.o(.text)
    UART3_Handler                            0x00000287   Thumb Code     0  startup_ds_cm3.o(.text)
    UART4_Handler                            0x00000287   Thumb Code     0  startup_ds_cm3.o(.text)
    UART_OVF_Handler                         0x00000287   Thumb Code     0  startup_ds_cm3.o(.text)
    __user_initial_stackheap                 0x00000289   Thumb Code    10  startup_ds_cm3.o(.text)
    vsnprintf                                0x000002ad   Thumb Code    48  vsnprintf.o(.text)
    __use_two_region_memory                  0x000002e1   Thumb Code     2  heapauxi.o(.text)
    __rt_heap_escrow$2region                 0x000002e3   Thumb Code     2  heapauxi.o(.text)
    __rt_heap_expand$2region                 0x000002e5   Thumb Code     2  heapauxi.o(.text)
    _printf_pre_padding                      0x000002e7   Thumb Code    44  _printf_pad.o(.text)
    _printf_post_padding                     0x00000313   Thumb Code    34  _printf_pad.o(.text)
    _printf_truncate_signed                  0x00000335   Thumb Code    18  _printf_truncate.o(.text)
    _printf_truncate_unsigned                0x00000347   Thumb Code    18  _printf_truncate.o(.text)
    _printf_str                              0x00000359   Thumb Code    82  _printf_str.o(.text)
    _printf_int_dec                          0x000003ad   Thumb Code   104  _printf_dec.o(.text)
    _printf_charcount                        0x00000425   Thumb Code    40  _printf_charcount.o(.text)
    _printf_char_common                      0x00000457   Thumb Code    32  _printf_char_common.o(.text)
    _sputc                                   0x0000047d   Thumb Code    10  _sputc.o(.text)
    _snputc                                  0x00000487   Thumb Code    16  _snputc.o(.text)
    _printf_wctomb                           0x00000499   Thumb Code   182  _printf_wctomb.o(.text)
    _printf_longlong_dec                     0x00000555   Thumb Code   108  _printf_longlong_dec.o(.text)
    _printf_longlong_oct                     0x000005d1   Thumb Code    68  _printf_oct_int_ll.o(.text)
    _printf_int_oct                          0x00000615   Thumb Code    24  _printf_oct_int_ll.o(.text)
    _printf_ll_oct                           0x0000062d   Thumb Code    12  _printf_oct_int_ll.o(.text)
    _printf_longlong_hex                     0x00000641   Thumb Code    86  _printf_hex_int_ll_ptr.o(.text)
    _printf_int_hex                          0x00000697   Thumb Code    28  _printf_hex_int_ll_ptr.o(.text)
    _printf_ll_hex                           0x000006b3   Thumb Code    12  _printf_hex_int_ll_ptr.o(.text)
    _printf_hex_ptr                          0x000006bf   Thumb Code    18  _printf_hex_int_ll_ptr.o(.text)
    __printf                                 0x000006d5   Thumb Code   388  __printf_flags_ss_wp.o(.text)
    _ll_udiv10                               0x0000085d   Thumb Code   138  lludiv10.o(.text)
    _printf_int_common                       0x000008e7   Thumb Code   178  _printf_intcommon.o(.text)
    _printf_fp_dec_real                      0x00000b49   Thumb Code   620  _printf_fp_dec.o(.text)
    _printf_fp_hex_real                      0x00000db5   Thumb Code   756  _printf_fp_hex.o(.text)
    _printf_cs_common                        0x000010b1   Thumb Code    20  _printf_char.o(.text)
    _printf_char                             0x000010c5   Thumb Code    16  _printf_char.o(.text)
    _printf_string                           0x000010d5   Thumb Code     8  _printf_char.o(.text)
    _printf_lcs_common                       0x000010dd   Thumb Code    20  _printf_wchar.o(.text)
    _printf_wchar                            0x000010f1   Thumb Code    16  _printf_wchar.o(.text)
    _printf_wstring                          0x00001101   Thumb Code     8  _printf_wchar.o(.text)
    _c16rtomb                                0x00001109   Thumb Code    72  _c16rtomb.o(.text)
    _wcrtomb                                 0x00001109   Thumb Code     0  _c16rtomb.o(.text)
    __user_setup_stackheap                   0x00001151   Thumb Code    74  sys_stackheap_outer.o(.text)
    __rt_ctype_table                         0x0000119d   Thumb Code    16  rt_ctype_table.o(.text)
    __rt_locale                              0x000011ad   Thumb Code     8  rt_locale_intlibspace.o(.text)
    _printf_fp_infnan                        0x000011b5   Thumb Code   112  _printf_fp_infnan.o(.text)
    _btod_etento                             0x00001235   Thumb Code   224  bigflt0.o(.text)
    exit                                     0x00001319   Thumb Code    18  exit.o(.text)
    __user_libspace                          0x0000132d   Thumb Code     8  libspace.o(.text)
    __user_perproc_libspace                  0x0000132d   Thumb Code     0  libspace.o(.text)
    __user_perthread_libspace                0x0000132d   Thumb Code     0  libspace.o(.text)
    strcmp                                   0x00001335   Thumb Code   128  strcmpv7m.o(.text)
    _sys_exit                                0x000013b5   Thumb Code     8  sys_exit.o(.text)
    __I$use$semihosting                      0x000013c1   Thumb Code     0  use_no_semi.o(.text)
    __use_no_semihosting_swi                 0x000013c1   Thumb Code     2  use_no_semi.o(.text)
    __semihosting_library_function           0x000013c3   Thumb Code     0  indicate_semi.o(.text)
    MyUartPrintf                             0x000013c5   Thumb Code    70  main.o(.text.MyUartPrintf)
    SysTick_Handler                          0x00001431   Thumb Code    16  main.o(.text.SysTick_Handler)
    SystemCoreClockUpdate                    0x00001441   Thumb Code    20  system_ds_cm3.o(.text.SystemCoreClockUpdate)
    SystemInit                               0x00001455   Thumb Code    20  system_ds_cm3.o(.text.SystemInit)
    XGpio_DiscreteRead                       0x00001469   Thumb Code    14  main.o(.text.XGpio_DiscreteRead)
    XGpio_DiscreteWrite                      0x00001479   Thumb Code    16  main.o(.text.XGpio_DiscreteWrite)
    XGpio_In32                               0x00001489   Thumb Code     4  main.o(.text.XGpio_In32)
    XUartLite_SendByte                       0x0000148d   Thumb Code    32  main.o(.text.XUartLite_SendByte)
    Xil_Out32                                0x000014ad   Thumb Code     4  main.o(.text.Xil_Out32)
    cm3_print                                0x000014c1   Thumb Code    38  main.o(.text.cm3_print)
    delay_ms                                 0x000014e9   Thumb Code    20  main.o(.text.delay_ms)
    led_blink                                0x000014fd   Thumb Code    44  main.o(.text.led_blink)
    main                                     0x00001529   Thumb Code   148  main.o(.text.main)
    _btod_d2e                                0x000015bd   Thumb Code    62  btod.o(CL$$btod_d2e)
    _d2e_denorm_low                          0x000015fb   Thumb Code    70  btod.o(CL$$btod_d2e_denorm_low)
    _d2e_norm_op1                            0x00001641   Thumb Code    96  btod.o(CL$$btod_d2e_norm_op1)
    __btod_div_common                        0x000016a1   Thumb Code   696  btod.o(CL$$btod_div_common)
    _e2e                                     0x000019d9   Thumb Code   220  btod.o(CL$$btod_e2e)
    _btod_ediv                               0x00001ab5   Thumb Code    42  btod.o(CL$$btod_ediv)
    _btod_emul                               0x00001adf   Thumb Code    42  btod.o(CL$$btod_emul)
    __btod_mult_common                       0x00001b09   Thumb Code   580  btod.o(CL$$btod_mult_common)
    __ARM_fpclassify                         0x00001d4d   Thumb Code    40  fpclassify.o(i.__ARM_fpclassify)
    _is_digit                                0x00001d75   Thumb Code    14  __printf_wp.o(i._is_digit)
    _get_lc_numeric                          0x00001d85   Thumb Code    44  lc_numeric_c.o(locale$$code)
    _get_lc_ctype                            0x00001db1   Thumb Code    44  lc_ctype_c.o(locale$$code)
    _printf_fp_dec                           0x00001ddd   Thumb Code     4  printf1.o(x$fpl$printf1)
    _printf_fp_hex                           0x00001de1   Thumb Code     4  printf2.o(x$fpl$printf2)
    __I$use$fp                               0x00001de4   Number         0  usenofp.o(x$fpl$usenofp)
    Region$$Table$$Base                      0x00001f24   Number         0  anon$$obj.o(Region$$Table)
    Region$$Table$$Limit                     0x00001f44   Number         0  anon$$obj.o(Region$$Table)
    __ctype                                  0x00001f6d   Data           0  lc_ctype_c.o(locale$$data)
    SystemCoreClock                          0x20000000   Data           4  system_ds_cm3.o(.data.SystemCoreClock)
    __libspace_start                         0x20000008   Data          96  libspace.o(.bss)
    __temporary_stack_top$libspace           0x20000068   Data           0  libspace.o(.bss)
    cnt                                      0x20000068   Data           4  main.o(.bss.cnt)



==============================================================================

Memory Map of the image

  Image Entry point : 0x00000125

  Load Region LR_IROM1 (Base: 0x00000000, Size: 0x00002078, Max: 0x00010000, ABSOLUTE)

    Execution Region ER_IROM1 (Exec base: 0x00000000, Load base: 0x00000000, Size: 0x00002070, Max: 0x00010000, ABSOLUTE)

    Exec Addr    Load Addr    Size         Type   Attr      Idx    E Section Name        Object

    0x00000000   0x00000000   0x00000124   Data   RO           40    RESET               startup_ds_cm3.o
    0x00000124   0x00000124   0x00000008   Code   RO           65  * !!!main             c_w.l(__main.o)
    0x0000012c   0x0000012c   0x00000034   Code   RO          402    !!!scatter          c_w.l(__scatter.o)
    0x00000160   0x00000160   0x0000001a   Code   RO          404    !!handler_copy      c_w.l(__scatter_copy.o)
    0x0000017a   0x0000017a   0x00000002   PAD
    0x0000017c   0x0000017c   0x0000001c   Code   RO          406    !!handler_zi        c_w.l(__scatter_zi.o)
    0x00000198   0x00000198   0x00000000   Code   RO          151    .ARM.Collect$$_printf_percent$$00000000  c_w.l(_printf_percent.o)
    0x00000198   0x00000198   0x00000006   Code   RO          140    .ARM.Collect$$_printf_percent$$00000001  c_w.l(_printf_n.o)
    0x0000019e   0x0000019e   0x00000006   Code   RO          142    .ARM.Collect$$_printf_percent$$00000002  c_w.l(_printf_p.o)
    0x000001a4   0x000001a4   0x00000006   Code   RO          147    .ARM.Collect$$_printf_percent$$00000003  c_w.l(_printf_f.o)
    0x000001aa   0x000001aa   0x00000006   Code   RO          148    .ARM.Collect$$_printf_percent$$00000004  c_w.l(_printf_e.o)
    0x000001b0   0x000001b0   0x00000006   Code   RO          149    .ARM.Collect$$_printf_percent$$00000005  c_w.l(_printf_g.o)
    0x000001b6   0x000001b6   0x00000006   Code   RO          150    .ARM.Collect$$_printf_percent$$00000006  c_w.l(_printf_a.o)
    0x000001bc   0x000001bc   0x0000000a   Code   RO          155    .ARM.Collect$$_printf_percent$$00000007  c_w.l(_printf_ll.o)
    0x000001c6   0x000001c6   0x00000006   Code   RO          144    .ARM.Collect$$_printf_percent$$00000008  c_w.l(_printf_i.o)
    0x000001cc   0x000001cc   0x00000006   Code   RO          145    .ARM.Collect$$_printf_percent$$00000009  c_w.l(_printf_d.o)
    0x000001d2   0x000001d2   0x00000006   Code   RO          146    .ARM.Collect$$_printf_percent$$0000000A  c_w.l(_printf_u.o)
    0x000001d8   0x000001d8   0x00000006   Code   RO          143    .ARM.Collect$$_printf_percent$$0000000B  c_w.l(_printf_o.o)
    0x000001de   0x000001de   0x00000006   Code   RO          141    .ARM.Collect$$_printf_percent$$0000000C  c_w.l(_printf_x.o)
    0x000001e4   0x000001e4   0x00000006   Code   RO          152    .ARM.Collect$$_printf_percent$$0000000D  c_w.l(_printf_lli.o)
    0x000001ea   0x000001ea   0x00000006   Code   RO          153    .ARM.Collect$$_printf_percent$$0000000E  c_w.l(_printf_lld.o)
    0x000001f0   0x000001f0   0x00000006   Code   RO          154    .ARM.Collect$$_printf_percent$$0000000F  c_w.l(_printf_llu.o)
    0x000001f6   0x000001f6   0x00000006   Code   RO          159    .ARM.Collect$$_printf_percent$$00000010  c_w.l(_printf_llo.o)
    0x000001fc   0x000001fc   0x00000006   Code   RO          160    .ARM.Collect$$_printf_percent$$00000011  c_w.l(_printf_llx.o)
    0x00000202   0x00000202   0x0000000a   Code   RO          156    .ARM.Collect$$_printf_percent$$00000012  c_w.l(_printf_l.o)
    0x0000020c   0x0000020c   0x00000006   Code   RO          138    .ARM.Collect$$_printf_percent$$00000013  c_w.l(_printf_c.o)
    0x00000212   0x00000212   0x00000006   Code   RO          139    .ARM.Collect$$_printf_percent$$00000014  c_w.l(_printf_s.o)
    0x00000218   0x00000218   0x00000006   Code   RO          157    .ARM.Collect$$_printf_percent$$00000015  c_w.l(_printf_lc.o)
    0x0000021e   0x0000021e   0x00000006   Code   RO          158    .ARM.Collect$$_printf_percent$$00000016  c_w.l(_printf_ls.o)
    0x00000224   0x00000224   0x00000004   Code   RO          201    .ARM.Collect$$_printf_percent$$00000017  c_w.l(_printf_percent_end.o)
    0x00000228   0x00000228   0x00000002   Code   RO          252    .ARM.Collect$$libinit$$00000000  c_w.l(libinit.o)
    0x0000022a   0x0000022a   0x00000000   Code   RO          271    .ARM.Collect$$libinit$$00000002  c_w.l(libinit2.o)
    0x0000022a   0x0000022a   0x00000000   Code   RO          273    .ARM.Collect$$libinit$$00000004  c_w.l(libinit2.o)
    0x0000022a   0x0000022a   0x00000000   Code   RO          276    .ARM.Collect$$libinit$$0000000A  c_w.l(libinit2.o)
    0x0000022a   0x0000022a   0x00000000   Code   RO          278    .ARM.Collect$$libinit$$0000000C  c_w.l(libinit2.o)
    0x0000022a   0x0000022a   0x00000000   Code   RO          280    .ARM.Collect$$libinit$$0000000E  c_w.l(libinit2.o)
    0x0000022a   0x0000022a   0x00000006   Code   RO          281    .ARM.Collect$$libinit$$0000000F  c_w.l(libinit2.o)
    0x00000230   0x00000230   0x00000000   Code   RO          283    .ARM.Collect$$libinit$$00000011  c_w.l(libinit2.o)
    0x00000230   0x00000230   0x0000000c   Code   RO          284    .ARM.Collect$$libinit$$00000012  c_w.l(libinit2.o)
    0x0000023c   0x0000023c   0x00000000   Code   RO          285    .ARM.Collect$$libinit$$00000013  c_w.l(libinit2.o)
    0x0000023c   0x0000023c   0x00000000   Code   RO          287    .ARM.Collect$$libinit$$00000015  c_w.l(libinit2.o)
    0x0000023c   0x0000023c   0x0000000a   Code   RO          288    .ARM.Collect$$libinit$$00000016  c_w.l(libinit2.o)
    0x00000246   0x00000246   0x00000000   Code   RO          289    .ARM.Collect$$libinit$$00000017  c_w.l(libinit2.o)
    0x00000246   0x00000246   0x00000000   Code   RO          291    .ARM.Collect$$libinit$$00000019  c_w.l(libinit2.o)
    0x00000246   0x00000246   0x00000000   Code   RO          293    .ARM.Collect$$libinit$$0000001B  c_w.l(libinit2.o)
    0x00000246   0x00000246   0x00000000   Code   RO          295    .ARM.Collect$$libinit$$0000001D  c_w.l(libinit2.o)
    0x00000246   0x00000246   0x00000000   Code   RO          297    .ARM.Collect$$libinit$$0000001F  c_w.l(libinit2.o)
    0x00000246   0x00000246   0x00000000   Code   RO          299    .ARM.Collect$$libinit$$00000021  c_w.l(libinit2.o)
    0x00000246   0x00000246   0x00000000   Code   RO          301    .ARM.Collect$$libinit$$00000023  c_w.l(libinit2.o)
    0x00000246   0x00000246   0x00000000   Code   RO          303    .ARM.Collect$$libinit$$00000025  c_w.l(libinit2.o)
    0x00000246   0x00000246   0x00000000   Code   RO          307    .ARM.Collect$$libinit$$0000002C  c_w.l(libinit2.o)
    0x00000246   0x00000246   0x00000000   Code   RO          309    .ARM.Collect$$libinit$$0000002E  c_w.l(libinit2.o)
    0x00000246   0x00000246   0x00000000   Code   RO          311    .ARM.Collect$$libinit$$00000030  c_w.l(libinit2.o)
    0x00000246   0x00000246   0x00000000   Code   RO          313    .ARM.Collect$$libinit$$00000032  c_w.l(libinit2.o)
    0x00000246   0x00000246   0x00000002   Code   RO          314    .ARM.Collect$$libinit$$00000033  c_w.l(libinit2.o)
    0x00000248   0x00000248   0x00000002   Code   RO          338    .ARM.Collect$$libshutdown$$00000000  c_w.l(libshutdown.o)
    0x0000024a   0x0000024a   0x00000000   Code   RO          353    .ARM.Collect$$libshutdown$$00000002  c_w.l(libshutdown2.o)
    0x0000024a   0x0000024a   0x00000000   Code   RO          355    .ARM.Collect$$libshutdown$$00000004  c_w.l(libshutdown2.o)
    0x0000024a   0x0000024a   0x00000000   Code   RO          358    .ARM.Collect$$libshutdown$$00000007  c_w.l(libshutdown2.o)
    0x0000024a   0x0000024a   0x00000000   Code   RO          361    .ARM.Collect$$libshutdown$$0000000A  c_w.l(libshutdown2.o)
    0x0000024a   0x0000024a   0x00000000   Code   RO          363    .ARM.Collect$$libshutdown$$0000000C  c_w.l(libshutdown2.o)
    0x0000024a   0x0000024a   0x00000000   Code   RO          366    .ARM.Collect$$libshutdown$$0000000F  c_w.l(libshutdown2.o)
    0x0000024a   0x0000024a   0x00000002   Code   RO          367    .ARM.Collect$$libshutdown$$00000010  c_w.l(libshutdown2.o)
    0x0000024c   0x0000024c   0x00000000   Code   RO           67    .ARM.Collect$$rtentry$$00000000  c_w.l(__rtentry.o)
    0x0000024c   0x0000024c   0x00000000   Code   RO          170    .ARM.Collect$$rtentry$$00000002  c_w.l(__rtentry2.o)
    0x0000024c   0x0000024c   0x00000006   Code   RO          182    .ARM.Collect$$rtentry$$00000004  c_w.l(__rtentry4.o)
    0x00000252   0x00000252   0x00000000   Code   RO          172    .ARM.Collect$$rtentry$$00000009  c_w.l(__rtentry2.o)
    0x00000252   0x00000252   0x00000004   Code   RO          173    .ARM.Collect$$rtentry$$0000000A  c_w.l(__rtentry2.o)
    0x00000256   0x00000256   0x00000000   Code   RO          175    .ARM.Collect$$rtentry$$0000000C  c_w.l(__rtentry2.o)
    0x00000256   0x00000256   0x00000008   Code   RO          176    .ARM.Collect$$rtentry$$0000000D  c_w.l(__rtentry2.o)
    0x0000025e   0x0000025e   0x00000002   Code   RO          261    .ARM.Collect$$rtexit$$00000000  c_w.l(rtexit.o)
    0x00000260   0x00000260   0x00000000   Code   RO          316    .ARM.Collect$$rtexit$$00000002  c_w.l(rtexit2.o)
    0x00000260   0x00000260   0x00000004   Code   RO          317    .ARM.Collect$$rtexit$$00000003  c_w.l(rtexit2.o)
    0x00000264   0x00000264   0x00000006   Code   RO          318    .ARM.Collect$$rtexit$$00000004  c_w.l(rtexit2.o)
    0x0000026a   0x0000026a   0x00000002   PAD
    0x0000026c   0x0000026c   0x00000040   Code   RO           41    .text               startup_ds_cm3.o
    0x000002ac   0x000002ac   0x00000034   Code   RO           61    .text               c_w.l(vsnprintf.o)
    0x000002e0   0x000002e0   0x00000006   Code   RO           63    .text               c_w.l(heapauxi.o)
    0x000002e6   0x000002e6   0x0000004e   Code   RO           70    .text               c_w.l(_printf_pad.o)
    0x00000334   0x00000334   0x00000024   Code   RO           72    .text               c_w.l(_printf_truncate.o)
    0x00000358   0x00000358   0x00000052   Code   RO           74    .text               c_w.l(_printf_str.o)
    0x000003aa   0x000003aa   0x00000002   PAD
    0x000003ac   0x000003ac   0x00000078   Code   RO           76    .text               c_w.l(_printf_dec.o)
    0x00000424   0x00000424   0x00000028   Code   RO           78    .text               c_w.l(_printf_charcount.o)
    0x0000044c   0x0000044c   0x00000030   Code   RO           80    .text               c_w.l(_printf_char_common.o)
    0x0000047c   0x0000047c   0x0000000a   Code   RO           82    .text               c_w.l(_sputc.o)
    0x00000486   0x00000486   0x00000010   Code   RO           84    .text               c_w.l(_snputc.o)
    0x00000496   0x00000496   0x00000002   PAD
    0x00000498   0x00000498   0x000000bc   Code   RO           86    .text               c_w.l(_printf_wctomb.o)
    0x00000554   0x00000554   0x0000007c   Code   RO           89    .text               c_w.l(_printf_longlong_dec.o)
    0x000005d0   0x000005d0   0x00000070   Code   RO           95    .text               c_w.l(_printf_oct_int_ll.o)
    0x00000640   0x00000640   0x00000094   Code   RO          115    .text               c_w.l(_printf_hex_int_ll_ptr.o)
    0x000006d4   0x000006d4   0x00000188   Code   RO          135    .text               c_w.l(__printf_flags_ss_wp.o)
    0x0000085c   0x0000085c   0x0000008a   Code   RO          184    .text               c_w.l(lludiv10.o)
    0x000008e6   0x000008e6   0x000000b2   Code   RO          186    .text               c_w.l(_printf_intcommon.o)
    0x00000998   0x00000998   0x0000041c   Code   RO          188    .text               c_w.l(_printf_fp_dec.o)
    0x00000db4   0x00000db4   0x000002fc   Code   RO          192    .text               c_w.l(_printf_fp_hex.o)
    0x000010b0   0x000010b0   0x0000002c   Code   RO          197    .text               c_w.l(_printf_char.o)
    0x000010dc   0x000010dc   0x0000002c   Code   RO          199    .text               c_w.l(_printf_wchar.o)
    0x00001108   0x00001108   0x00000048   Code   RO          202    .text               c_w.l(_c16rtomb.o)
    0x00001150   0x00001150   0x0000004a   Code   RO          204    .text               c_w.l(sys_stackheap_outer.o)
    0x0000119a   0x0000119a   0x00000002   PAD
    0x0000119c   0x0000119c   0x00000010   Code   RO          206    .text               c_w.l(rt_ctype_table.o)
    0x000011ac   0x000011ac   0x00000008   Code   RO          211    .text               c_w.l(rt_locale_intlibspace.o)
    0x000011b4   0x000011b4   0x00000080   Code   RO          213    .text               c_w.l(_printf_fp_infnan.o)
    0x00001234   0x00001234   0x000000e4   Code   RO          215    .text               c_w.l(bigflt0.o)
    0x00001318   0x00001318   0x00000012   Code   RO          245    .text               c_w.l(exit.o)
    0x0000132a   0x0000132a   0x00000002   PAD
    0x0000132c   0x0000132c   0x00000008   Code   RO          258    .text               c_w.l(libspace.o)
    0x00001334   0x00001334   0x00000080   Code   RO          268    .text               c_w.l(strcmpv7m.o)
    0x000013b4   0x000013b4   0x0000000c   Code   RO          328    .text               c_w.l(sys_exit.o)
    0x000013c0   0x000013c0   0x00000002   Code   RO          343    .text               c_w.l(use_no_semi.o)
    0x000013c2   0x000013c2   0x00000000   Code   RO          345    .text               c_w.l(indicate_semi.o)
    0x000013c2   0x000013c2   0x00000002   PAD
    0x000013c4   0x000013c4   0x00000046   Code   RO           18    .text.MyUartPrintf  main.o
    0x0000140a   0x0000140a   0x00000002   PAD
    0x0000140c   0x0000140c   0x00000024   Code   RO           24    .text.SysTick_Config  main.o
    0x00001430   0x00001430   0x00000010   Code   RO            2    .text.SysTick_Handler  main.o
    0x00001440   0x00001440   0x00000014   Code   RO           48    .text.SystemCoreClockUpdate  system_ds_cm3.o
    0x00001454   0x00001454   0x00000014   Code   RO           50    .text.SystemInit    system_ds_cm3.o
    0x00001468   0x00001468   0x0000000e   Code   RO           10    .text.XGpio_DiscreteRead  main.o
    0x00001476   0x00001476   0x00000002   PAD
    0x00001478   0x00001478   0x00000010   Code   RO           12    .text.XGpio_DiscreteWrite  main.o
    0x00001488   0x00001488   0x00000004   Code   RO            6    .text.XGpio_In32    main.o
    0x0000148c   0x0000148c   0x00000020   Code   RO           14    .text.XUartLite_SendByte  main.o
    0x000014ac   0x000014ac   0x00000004   Code   RO            8    .text.Xil_Out32     main.o
    0x000014b0   0x000014b0   0x0000000e   Code   RO           26    .text.__NVIC_SetPriority  main.o
    0x000014be   0x000014be   0x00000002   PAD
    0x000014c0   0x000014c0   0x00000026   Code   RO           16    .text.cm3_print     main.o
    0x000014e6   0x000014e6   0x00000002   PAD
    0x000014e8   0x000014e8   0x00000014   Code   RO            4    .text.delay_ms      main.o
    0x000014fc   0x000014fc   0x0000002c   Code   RO           20    .text.led_blink     main.o
    0x00001528   0x00001528   0x00000094   Code   RO           22    .text.main          main.o
    0x000015bc   0x000015bc   0x0000003e   Code   RO          218    CL$$btod_d2e        c_w.l(btod.o)
    0x000015fa   0x000015fa   0x00000046   Code   RO          220    CL$$btod_d2e_denorm_low  c_w.l(btod.o)
    0x00001640   0x00001640   0x00000060   Code   RO          219    CL$$btod_d2e_norm_op1  c_w.l(btod.o)
    0x000016a0   0x000016a0   0x00000338   Code   RO          228    CL$$btod_div_common  c_w.l(btod.o)
    0x000019d8   0x000019d8   0x000000dc   Code   RO          225    CL$$btod_e2e        c_w.l(btod.o)
    0x00001ab4   0x00001ab4   0x0000002a   Code   RO          222    CL$$btod_ediv       c_w.l(btod.o)
    0x00001ade   0x00001ade   0x0000002a   Code   RO          221    CL$$btod_emul       c_w.l(btod.o)
    0x00001b08   0x00001b08   0x00000244   Code   RO          227    CL$$btod_mult_common  c_w.l(btod.o)
    0x00001d4c   0x00001d4c   0x00000028   Code   RO          256    i.__ARM_fpclassify  m_ws.l(fpclassify.o)
    0x00001d74   0x00001d74   0x0000000e   Code   RO          128    i._is_digit         c_w.l(__printf_wp.o)
    0x00001d82   0x00001d82   0x00000002   PAD
    0x00001d84   0x00001d84   0x0000002c   Code   RO          243    locale$$code        c_w.l(lc_numeric_c.o)
    0x00001db0   0x00001db0   0x0000002c   Code   RO          266    locale$$code        c_w.l(lc_ctype_c.o)
    0x00001ddc   0x00001ddc   0x00000004   Code   RO          161    x$fpl$printf1       fz_ws.l(printf1.o)
    0x00001de0   0x00001de0   0x00000004   Code   RO          163    x$fpl$printf2       fz_ws.l(printf2.o)
    0x00001de4   0x00001de4   0x00000000   Code   RO          255    x$fpl$usenofp       fz_ws.l(usenofp.o)
    0x00001de4   0x00001de4   0x00000008   Data   RO           87    .constdata          c_w.l(_printf_wctomb.o)
    0x00001dec   0x00001dec   0x00000028   Data   RO          116    .constdata          c_w.l(_printf_hex_int_ll_ptr.o)
    0x00001e14   0x00001e14   0x00000011   Data   RO          136    .constdata          c_w.l(__printf_flags_ss_wp.o)
    0x00001e25   0x00001e25   0x00000026   Data   RO          193    .constdata          c_w.l(_printf_fp_hex.o)
    0x00001e4b   0x00001e4b   0x00000001   PAD
    0x00001e4c   0x00001e4c   0x00000094   Data   RO          216    .constdata          c_w.l(bigflt0.o)
    0x00001ee0   0x00001ee0   0x00000042   Data   RO           29    .rodata.str1.1      main.o
    0x00001f22   0x00001f22   0x00000002   PAD
    0x00001f24   0x00001f24   0x00000020   Data   RO          401    Region$$Table       anon$$obj.o
    0x00001f44   0x00001f44   0x0000001c   Data   RO          242    locale$$data        c_w.l(lc_numeric_c.o)
    0x00001f60   0x00001f60   0x00000110   Data   RO          265    locale$$data        c_w.l(lc_ctype_c.o)


    Execution Region RW_IRAM1 (Exec base: 0x20000000, Load base: 0x00002070, Size: 0x00001070, Max: 0x00010000, ABSOLUTE)

    Exec Addr    Load Addr    Size         Type   Attr      Idx    E Section Name        Object

    0x20000000   0x00002070   0x00000004   Data   RW           52    .data.SystemCoreClock  system_ds_cm3.o
    0x20000004   0x00002074   0x00000004   PAD
    0x20000008        -       0x00000060   Zero   RW          259    .bss                c_w.l(libspace.o)
    0x20000068        -       0x00000004   Zero   RW           28    .bss.cnt            main.o
    0x2000006c   0x00002074   0x00000004   PAD
    0x20000070        -       0x00000c00   Zero   RW           39    HEAP                startup_ds_cm3.o
    0x20000c70        -       0x00000400   Zero   RW           38    STACK               startup_ds_cm3.o


==============================================================================

Image component sizes


      Code (inc. data)   RO Data    RW Data    ZI Data      Debug   Object Name

       456         52         66          0          4       5775   main.o
        64         26        292          0       4096        868   startup_ds_cm3.o
        40          0          0          4          0        661   system_ds_cm3.o

    ----------------------------------------------------------------------
       568         78        392          4       4108       7304   Object Totals
         0          0         32          0          0          0   (incl. Generated)
         8          0          2          0          8          0   (incl. Padding)

    ----------------------------------------------------------------------

      Code (inc. data)   RO Data    RW Data    ZI Data      Debug   Library Member Name

         8          0          0          0          0         68   __main.o
       392          4         17          0          0         92   __printf_flags_ss_wp.o
        14          0          0          0          0         68   __printf_wp.o
         0          0          0          0          0          0   __rtentry.o
        12          0          0          0          0          0   __rtentry2.o
         6          0          0          0          0          0   __rtentry4.o
        52          8          0          0          0          0   __scatter.o
        26          0          0          0          0          0   __scatter_copy.o
        28          0          0          0          0          0   __scatter_zi.o
        72          0          0          0          0         96   _c16rtomb.o
         6          0          0          0          0          0   _printf_a.o
         6          0          0          0          0          0   _printf_c.o
        44          0          0          0          0        108   _printf_char.o
        48          6          0          0          0         96   _printf_char_common.o
        40          0          0          0          0         68   _printf_charcount.o
         6          0          0          0          0          0   _printf_d.o
       120         16          0          0          0         92   _printf_dec.o
         6          0          0          0          0          0   _printf_e.o
         6          0          0          0          0          0   _printf_f.o
      1052          0          0          0          0        148   _printf_fp_dec.o
       764          8         38          0          0        100   _printf_fp_hex.o
       128         16          0          0          0         84   _printf_fp_infnan.o
         6          0          0          0          0          0   _printf_g.o
       148          4         40          0          0        160   _printf_hex_int_ll_ptr.o
         6          0          0          0          0          0   _printf_i.o
       178          0          0          0          0         88   _printf_intcommon.o
        10          0          0          0          0          0   _printf_l.o
         6          0          0          0          0          0   _printf_lc.o
        10          0          0          0          0          0   _printf_ll.o
         6          0          0          0          0          0   _printf_lld.o
         6          0          0          0          0          0   _printf_lli.o
         6          0          0          0          0          0   _printf_llo.o
         6          0          0          0          0          0   _printf_llu.o
         6          0          0          0          0          0   _printf_llx.o
       124         16          0          0          0         92   _printf_longlong_dec.o
         6          0          0          0          0          0   _printf_ls.o
         6          0          0          0          0          0   _printf_n.o
         6          0          0          0          0          0   _printf_o.o
       112          8          0          0          0        124   _printf_oct_int_ll.o
         6          0          0          0          0          0   _printf_p.o
        78          0          0          0          0        108   _printf_pad.o
         0          0          0          0          0          0   _printf_percent.o
         4          0          0          0          0          0   _printf_percent_end.o
         6          0          0          0          0          0   _printf_s.o
        82          0          0          0          0         80   _printf_str.o
        36          0          0          0          0         84   _printf_truncate.o
         6          0          0          0          0          0   _printf_u.o
        44          0          0          0          0        108   _printf_wchar.o
       188          6          8          0          0         92   _printf_wctomb.o
         6          0          0          0          0          0   _printf_x.o
        16          0          0          0          0         68   _snputc.o
        10          0          0          0          0         68   _sputc.o
       228          4        148          0          0         96   bigflt0.o
      1936        128          0          0          0        672   btod.o
        18          0          0          0          0         80   exit.o
         6          0          0          0          0        152   heapauxi.o
         0          0          0          0          0          0   indicate_semi.o
        44         10        272          0          0         76   lc_ctype_c.o
        44         10         28          0          0         76   lc_numeric_c.o
         2          0          0          0          0          0   libinit.o
        30          0          0          0          0          0   libinit2.o
         2          0          0          0          0          0   libshutdown.o
         2          0          0          0          0          0   libshutdown2.o
         8          4          0          0         96         68   libspace.o
       138          0          0          0          0         80   lludiv10.o
        16          4          0          0          0         76   rt_ctype_table.o
         8          4          0          0          0         68   rt_locale_intlibspace.o
         2          0          0          0          0          0   rtexit.o
        10          0          0          0          0          0   rtexit2.o
       128          0          0          0          0         68   strcmpv7m.o
        12          4          0          0          0         68   sys_exit.o
        74          0          0          0          0         80   sys_stackheap_outer.o
         2          0          0          0          0         68   use_no_semi.o
        52          4          0          0          0         80   vsnprintf.o
         4          0          0          0          0         68   printf1.o
         4          0          0          0          0         68   printf2.o
         0          0          0          0          0          0   usenofp.o
        40          0          0          0          0         68   fpclassify.o

    ----------------------------------------------------------------------
      6792        264        552          0         96       4104   Library Totals
        16          0          1          0          0          0   (incl. Padding)

    ----------------------------------------------------------------------

      Code (inc. data)   RO Data    RW Data    ZI Data      Debug   Library Name

      6728        264        551          0         96       3900   c_w.l
         8          0          0          0          0        136   fz_ws.l
        40          0          0          0          0         68   m_ws.l

    ----------------------------------------------------------------------
      6792        264        552          0         96       4104   Library Totals

    ----------------------------------------------------------------------

==============================================================================


      Code (inc. data)   RO Data    RW Data    ZI Data      Debug   

      7360        342        944          4       4204       9204   Grand Totals
      7360        342        944          4       4204       9204   ELF Image Totals
      7360        342        944          4          0          0   ROM Totals

==============================================================================

    Total RO  Size (Code + RO Data)                 8304 (   8.11kB)
    Total RW  Size (RW Data + ZI Data)              4208 (   4.11kB)
    Total ROM Size (Code + RO Data + RW Data)       8308 (   8.11kB)

==============================================================================

